Component: ARM Compiler 5.06 update 2 (build 183) Tool: armlink [4d35b7]

==============================================================================

Section Cross References

    system_stm32f10x.o(i.SystemCoreClockUpdate) refers to system_stm32f10x.o(.data) for SystemCoreClock
    system_stm32f10x.o(i.SystemInit) refers to system_stm32f10x.o(i.SetSysClock) for SetSysClock
    stm32f10x_flash.o(i.FLASH_EnableWriteProtection) refers to stm32f10x_flash.o(i.FLASH_WaitForLastOperation) for FLASH_WaitForLastOperation
    stm32f10x_flash.o(i.FLASH_EraseAllBank1Pages) refers to stm32f10x_flash.o(i.FLASH_WaitForLastBank1Operation) for FLASH_WaitForLastBank1Operation
    stm32f10x_flash.o(i.FLASH_EraseAllPages) refers to stm32f10x_flash.o(i.FLASH_WaitForLastOperation) for FLASH_WaitForLastOperation
    stm32f10x_flash.o(i.FLASH_EraseOptionBytes) refers to stm32f10x_flash.o(i.FLASH_GetReadOutProtectionStatus) for FLASH_GetReadOutProtectionStatus
    stm32f10x_flash.o(i.FLASH_EraseOptionBytes) refers to stm32f10x_flash.o(i.FLASH_WaitForLastOperation) for FLASH_WaitForLastOperation
    stm32f10x_flash.o(i.FLASH_ErasePage) refers to stm32f10x_flash.o(i.FLASH_WaitForLastOperation) for FLASH_WaitForLastOperation
    stm32f10x_flash.o(i.FLASH_ProgramHalfWord) refers to stm32f10x_flash.o(i.FLASH_WaitForLastOperation) for FLASH_WaitForLastOperation
    stm32f10x_flash.o(i.FLASH_ProgramOptionByteData) refers to stm32f10x_flash.o(i.FLASH_WaitForLastOperation) for FLASH_WaitForLastOperation
    stm32f10x_flash.o(i.FLASH_ProgramWord) refers to stm32f10x_flash.o(i.FLASH_WaitForLastOperation) for FLASH_WaitForLastOperation
    stm32f10x_flash.o(i.FLASH_ReadOutProtection) refers to stm32f10x_flash.o(i.FLASH_WaitForLastOperation) for FLASH_WaitForLastOperation
    stm32f10x_flash.o(i.FLASH_UserOptionByteConfig) refers to stm32f10x_flash.o(i.FLASH_WaitForLastOperation) for FLASH_WaitForLastOperation
    stm32f10x_flash.o(i.FLASH_WaitForLastBank1Operation) refers to stm32f10x_flash.o(i.FLASH_GetBank1Status) for FLASH_GetBank1Status
    stm32f10x_flash.o(i.FLASH_WaitForLastOperation) refers to stm32f10x_flash.o(i.FLASH_GetBank1Status) for FLASH_GetBank1Status
    stm32f10x_gpio.o(i.GPIO_AFIODeInit) refers to stm32f10x_rcc.o(i.RCC_APB2PeriphResetCmd) for RCC_APB2PeriphResetCmd
    stm32f10x_gpio.o(i.GPIO_DeInit) refers to stm32f10x_rcc.o(i.RCC_APB2PeriphResetCmd) for RCC_APB2PeriphResetCmd
    stm32f10x_rcc.o(i.RCC_GetClocksFreq) refers to stm32f10x_rcc.o(.data) for APBAHBPrescTable
    stm32f10x_rcc.o(i.RCC_WaitForHSEStartUp) refers to stm32f10x_rcc.o(i.RCC_GetFlagStatus) for RCC_GetFlagStatus
    stm32f10x_usart.o(i.USART_DeInit) refers to stm32f10x_rcc.o(i.RCC_APB2PeriphResetCmd) for RCC_APB2PeriphResetCmd
    stm32f10x_usart.o(i.USART_DeInit) refers to stm32f10x_rcc.o(i.RCC_APB1PeriphResetCmd) for RCC_APB1PeriphResetCmd
    stm32f10x_usart.o(i.USART_Init) refers to stm32f10x_rcc.o(i.RCC_GetClocksFreq) for RCC_GetClocksFreq
    main.o(i.main) refers to sys.o(i.NVIC_Group_Init) for NVIC_Group_Init
    main.o(i.main) refers to debugserial.o(i.Debug_Serial_Init) for Debug_Serial_Init
    main.o(i.main) refers to rt_memcpy_v6.o(.text) for __aeabi_memcpy
    main.o(i.main) refers to stm32f10x_usart.o(i.USART_DeInit) for USART_DeInit
    main.o(i.main) refers to stm32f10x_usart.o(i.USART_Cmd) for USART_Cmd
    main.o(i.main) refers to stm32f10x_rcc.o(i.RCC_RTCCLKCmd) for RCC_RTCCLKCmd
    main.o(i.main) refers to main.o(i.Jump_to_app) for Jump_to_app
    main.o(i.main) refers to frame_parse.o(.data) for __framer
    main.o(i.main) refers to usart_driver.o(.data) for __usart_driver
    startup_stm32f10x_xl.o(STACK) refers (Special) to heapauxi.o(.text) for __use_two_region_memory
    startup_stm32f10x_xl.o(HEAP) refers (Special) to heapauxi.o(.text) for __use_two_region_memory
    startup_stm32f10x_xl.o(RESET) refers (Special) to heapauxi.o(.text) for __use_two_region_memory
    startup_stm32f10x_xl.o(RESET) refers to startup_stm32f10x_xl.o(STACK) for __initial_sp
    startup_stm32f10x_xl.o(RESET) refers to startup_stm32f10x_xl.o(.text) for Reset_Handler
    startup_stm32f10x_xl.o(RESET) refers to stm32f10x_it.o(i.NMI_Handler) for NMI_Handler
    startup_stm32f10x_xl.o(RESET) refers to stm32f10x_it.o(i.HardFault_Handler) for HardFault_Handler
    startup_stm32f10x_xl.o(RESET) refers to stm32f10x_it.o(i.MemManage_Handler) for MemManage_Handler
    startup_stm32f10x_xl.o(RESET) refers to stm32f10x_it.o(i.BusFault_Handler) for BusFault_Handler
    startup_stm32f10x_xl.o(RESET) refers to stm32f10x_it.o(i.UsageFault_Handler) for UsageFault_Handler
    startup_stm32f10x_xl.o(RESET) refers to stm32f10x_it.o(i.SVC_Handler) for SVC_Handler
    startup_stm32f10x_xl.o(RESET) refers to stm32f10x_it.o(i.DebugMon_Handler) for DebugMon_Handler
    startup_stm32f10x_xl.o(RESET) refers to stm32f10x_it.o(i.PendSV_Handler) for PendSV_Handler
    startup_stm32f10x_xl.o(RESET) refers to stm32f10x_it.o(i.SysTick_Handler) for SysTick_Handler
    startup_stm32f10x_xl.o(RESET) refers to stm32f10x_it.o(i.WWDG_IRQHandler) for WWDG_IRQHandler
    startup_stm32f10x_xl.o(RESET) refers to stm32f10x_it.o(i.USB_LP_CAN1_RX0_IRQHandler) for USB_LP_CAN1_RX0_IRQHandler
    startup_stm32f10x_xl.o(RESET) refers to debugserial.o(i.USART1_IRQHandler) for USART1_IRQHandler
    startup_stm32f10x_xl.o(.text) refers (Special) to heapauxi.o(.text) for __use_two_region_memory
    startup_stm32f10x_xl.o(.text) refers to system_stm32f10x.o(i.SystemInit) for SystemInit
    startup_stm32f10x_xl.o(.text) refers to __main.o(!!!main) for __main
    startup_stm32f10x_xl.o(.text) refers to startup_stm32f10x_xl.o(HEAP) for Heap_Mem
    startup_stm32f10x_xl.o(.text) refers to startup_stm32f10x_xl.o(STACK) for Stack_Mem
    debugserial.o(.rev16_text) refers (Special) to use_no_semi_2.o(.text) for __use_no_semihosting
    debugserial.o(.revsh_text) refers (Special) to use_no_semi_2.o(.text) for __use_no_semihosting
    debugserial.o(.rrx_text) refers (Special) to use_no_semi_2.o(.text) for __use_no_semihosting
    debugserial.o(i.Debug_Serial_Init) refers (Special) to use_no_semi_2.o(.text) for __use_no_semihosting
    debugserial.o(i.Debug_Serial_Init) refers to stm32f10x_rcc.o(i.RCC_APB2PeriphClockCmd) for RCC_APB2PeriphClockCmd
    debugserial.o(i.Debug_Serial_Init) refers to stm32f10x_gpio.o(i.GPIO_Init) for GPIO_Init
    debugserial.o(i.Debug_Serial_Init) refers to stm32f10x_usart.o(i.USART_Init) for USART_Init
    debugserial.o(i.Debug_Serial_Init) refers to stm32f10x_usart.o(i.USART_ITConfig) for USART_ITConfig
    debugserial.o(i.Debug_Serial_Init) refers to stm32f10x_usart.o(i.USART_Cmd) for USART_Cmd
    debugserial.o(i.Debug_Serial_Init) refers to stm32f10x_usart.o(i.USART_GetFlagStatus) for USART_GetFlagStatus
    debugserial.o(i.Debug_Serial_Send_Buffer) refers (Special) to use_no_semi_2.o(.text) for __use_no_semihosting
    debugserial.o(i.Debug_Serial_Send_Buffer) refers to debugserial.o(i.Debug_Serial_Send_Char) for Debug_Serial_Send_Char
    debugserial.o(i.Debug_Serial_Send_Char) refers (Special) to use_no_semi_2.o(.text) for __use_no_semihosting
    debugserial.o(i.Debug_Serial_Send_Char) refers to stm32f10x_usart.o(i.USART_SendData) for USART_SendData
    debugserial.o(i.Debug_Serial_Send_Char) refers to stm32f10x_usart.o(i.USART_GetFlagStatus) for USART_GetFlagStatus
    debugserial.o(i.SerialGetChar) refers (Special) to use_no_semi_2.o(.text) for __use_no_semihosting
    debugserial.o(i.SerialGetChar) refers to stm32f10x_usart.o(i.USART_GetFlagStatus) for USART_GetFlagStatus
    debugserial.o(i.USART1_IRQHandler) refers (Special) to use_no_semi_2.o(.text) for __use_no_semihosting
    debugserial.o(i.USART1_IRQHandler) refers to stm32f10x_usart.o(i.USART_GetITStatus) for USART_GetITStatus
    debugserial.o(i.USART1_IRQHandler) refers to stm32f10x_usart.o(i.USART_ReceiveData) for USART_ReceiveData
    debugserial.o(i.USART1_IRQHandler) refers to stm32f10x_usart.o(i.USART_ClearITPendingBit) for USART_ClearITPendingBit
    debugserial.o(i.USART1_IRQHandler) refers to debugserial.o(.data) for usasrt_driver
    debugserial.o(i._sys_exit) refers (Special) to use_no_semi_2.o(.text) for __use_no_semihosting
    debugserial.o(i.fputc) refers (Special) to use_no_semi_2.o(.text) for __use_no_semihosting
    debugserial.o(.bss) refers (Special) to use_no_semi_2.o(.text) for __use_no_semihosting
    debugserial.o(.data) refers (Special) to use_no_semi_2.o(.text) for __use_no_semihosting
    debugserial.o(.data) refers to usart_driver.o(.data) for __usart_driver
    flash.o(i.BOOT_ErasePage) refers to stm32f10x_flash.o(i.FLASH_Unlock) for FLASH_Unlock
    flash.o(i.BOOT_ErasePage) refers to stm32f10x_flash.o(i.FLASH_ClearFlag) for FLASH_ClearFlag
    flash.o(i.BOOT_ErasePage) refers to stm32f10x_flash.o(i.FLASH_ErasePage) for FLASH_ErasePage
    flash.o(i.BOOT_ErasePage) refers to stm32f10x_flash.o(i.FLASH_Lock) for FLASH_Lock
    flash.o(i.BOOT_ProgramDatatoFlash) refers to stm32f10x_flash.o(i.FLASH_ClearFlag) for FLASH_ClearFlag
    flash.o(i.BOOT_ProgramDatatoFlash) refers to stm32f10x_flash.o(i.FLASH_ProgramWord) for FLASH_ProgramWord
    flash.o(i.JumpToApplication) refers to flash.o(.data) for Jump_To_Application
    flash.o(i.STMFLASH_Read) refers to flash.o(i.STMFLASH_ReadHalfWord) for STMFLASH_ReadHalfWord
    flash.o(i.STMFLASH_Write) refers to stm32f10x_flash.o(i.FLASH_Unlock) for FLASH_Unlock
    flash.o(i.STMFLASH_Write) refers to flash.o(i.STMFLASH_Read) for STMFLASH_Read
    flash.o(i.STMFLASH_Write) refers to stm32f10x_flash.o(i.FLASH_ErasePage) for FLASH_ErasePage
    flash.o(i.STMFLASH_Write) refers to flash.o(i.STMFLASH_Write_NoCheck) for STMFLASH_Write_NoCheck
    flash.o(i.STMFLASH_Write) refers to stm32f10x_flash.o(i.FLASH_Lock) for FLASH_Lock
    flash.o(i.STMFLASH_Write) refers to flash.o(.bss) for STMFLASH_BUF
    flash.o(i.STMFLASH_Write_NoCheck) refers to stm32f10x_flash.o(i.FLASH_ProgramHalfWord) for FLASH_ProgramHalfWord
    flash.o(i.Test_Write) refers to flash.o(i.STMFLASH_Write) for STMFLASH_Write
    frame_parse.o(i.dateLinkSend) refers to usart_driver.o(.data) for __usart_driver
    frame_parse.o(i.input) refers to stm32f10x_flash.o(i.FLASH_Unlock) for FLASH_Unlock
    frame_parse.o(i.input) refers to flash.o(i.BOOT_ErasePage) for BOOT_ErasePage
    frame_parse.o(i.input) refers to stm32f10x_flash.o(i.FLASH_Lock) for FLASH_Lock
    frame_parse.o(i.input) refers to flash.o(i.BOOT_ProgramDatatoFlash) for BOOT_ProgramDatatoFlash
    frame_parse.o(i.input) refers to frame_parse.o(.data) for app_addr
    frame_parse.o(i.input) refers to frame_parse.o(.bss) for file_buf
    frame_parse.o(.data) refers to frame_parse.o(i.dateLinkSend) for dateLinkSend
    frame_parse.o(.data) refers to frame_parse.o(i.input) for input
    sys.o(i.NVIC_Group_Init) refers to misc.o(i.NVIC_PriorityGroupConfig) for NVIC_PriorityGroupConfig
    usart_driver.o(i.isCrcVailed) refers to usart_driver.o(i.calculateCRC) for calculateCRC
    usart_driver.o(i.send) refers to usart_driver.o(i.calculateCRC) for calculateCRC
    usart_driver.o(i.send) refers to rt_memcpy_v6.o(.text) for __aeabi_memcpy
    usart_driver.o(i.send) refers to debugserial.o(i.Debug_Serial_Send_Buffer) for Debug_Serial_Send_Buffer
    usart_driver.o(i.usartread) refers to usart_driver.o(i.isCrcVailed) for isCrcVailed
    usart_driver.o(i.usartread) refers to frame_parse.o(.data) for __framer
    usart_driver.o(.data) refers to usart_driver.o(.bss) for buf
    usart_driver.o(.data) refers to usart_driver.o(i.send) for send
    usart_driver.o(.data) refers to usart_driver.o(i.usartread) for usartread
    use_no_semi_2.o(.text) refers (Special) to use_no_semi.o(.text) for __use_no_semihosting_swi
    rt_memcpy_v6.o(.text) refers to rt_memcpy_w.o(.text) for __aeabi_memcpy4
    __main.o(!!!main) refers to __rtentry.o(.ARM.Collect$$rtentry$$00000000) for __rt_entry
    __rtentry.o(.ARM.Collect$$rtentry$$00000000) refers (Special) to __rtentry2.o(.ARM.Collect$$rtentry$$0000000A) for __rt_entry_li
    __rtentry.o(.ARM.Collect$$rtentry$$00000000) refers (Special) to __rtentry2.o(.ARM.Collect$$rtentry$$0000000D) for __rt_entry_main
    __rtentry.o(.ARM.Collect$$rtentry$$00000000) refers (Special) to __rtentry2.o(.ARM.Collect$$rtentry$$0000000C) for __rt_entry_postli_1
    __rtentry.o(.ARM.Collect$$rtentry$$00000000) refers (Special) to __rtentry2.o(.ARM.Collect$$rtentry$$00000009) for __rt_entry_postsh_1
    __rtentry.o(.ARM.Collect$$rtentry$$00000000) refers (Special) to __rtentry2.o(.ARM.Collect$$rtentry$$00000002) for __rt_entry_presh_1
    __rtentry.o(.ARM.Collect$$rtentry$$00000000) refers (Special) to __rtentry4.o(.ARM.Collect$$rtentry$$00000004) for __rt_entry_sh
    __rtentry2.o(.ARM.Collect$$rtentry$$00000008) refers to boardinit2.o(.text) for _platform_post_stackheap_init
    __rtentry2.o(.ARM.Collect$$rtentry$$0000000A) refers to libinit.o(.ARM.Collect$$libinit$$00000000) for __rt_lib_init
    __rtentry2.o(.ARM.Collect$$rtentry$$0000000B) refers to boardinit3.o(.text) for _platform_post_lib_init
    __rtentry2.o(.ARM.Collect$$rtentry$$0000000D) refers to main.o(i.main) for main
    __rtentry2.o(.ARM.Collect$$rtentry$$0000000D) refers to exit.o(.text) for exit
    __rtentry2.o(.ARM.exidx) refers to __rtentry2.o(.ARM.Collect$$rtentry$$00000001) for .ARM.Collect$$rtentry$$00000001
    __rtentry2.o(.ARM.exidx) refers to __rtentry2.o(.ARM.Collect$$rtentry$$00000008) for .ARM.Collect$$rtentry$$00000008
    __rtentry2.o(.ARM.exidx) refers to __rtentry2.o(.ARM.Collect$$rtentry$$0000000A) for .ARM.Collect$$rtentry$$0000000A
    __rtentry2.o(.ARM.exidx) refers to __rtentry2.o(.ARM.Collect$$rtentry$$0000000B) for .ARM.Collect$$rtentry$$0000000B
    __rtentry2.o(.ARM.exidx) refers to __rtentry2.o(.ARM.Collect$$rtentry$$0000000D) for .ARM.Collect$$rtentry$$0000000D
    __rtentry4.o(.ARM.Collect$$rtentry$$00000004) refers to sys_stackheap_outer.o(.text) for __user_setup_stackheap
    __rtentry4.o(.ARM.exidx) refers to __rtentry4.o(.ARM.Collect$$rtentry$$00000004) for .ARM.Collect$$rtentry$$00000004
    sys_stackheap_outer.o(.text) refers to libspace.o(.text) for __user_perproc_libspace
    sys_stackheap_outer.o(.text) refers to startup_stm32f10x_xl.o(.text) for __user_initial_stackheap
    exit.o(.text) refers to rtexit.o(.ARM.Collect$$rtexit$$00000000) for __rt_exit
    libinit.o(.ARM.Collect$$libinit$$00000000) refers (Special) to libinit2.o(.ARM.Collect$$libinit$$0000002E) for __rt_lib_init_alloca_1
    libinit.o(.ARM.Collect$$libinit$$00000000) refers (Special) to libinit2.o(.ARM.Collect$$libinit$$0000002C) for __rt_lib_init_argv_1
    libinit.o(.ARM.Collect$$libinit$$00000000) refers (Special) to libinit2.o(.ARM.Collect$$libinit$$0000001B) for __rt_lib_init_atexit_1
    libinit.o(.ARM.Collect$$libinit$$00000000) refers (Special) to libinit2.o(.ARM.Collect$$libinit$$00000021) for __rt_lib_init_clock_1
    libinit.o(.ARM.Collect$$libinit$$00000000) refers (Special) to libinit2.o(.ARM.Collect$$libinit$$00000032) for __rt_lib_init_cpp_1
    libinit.o(.ARM.Collect$$libinit$$00000000) refers (Special) to libinit2.o(.ARM.Collect$$libinit$$00000030) for __rt_lib_init_exceptions_1
    libinit.o(.ARM.Collect$$libinit$$00000000) refers (Special) to libinit2.o(.ARM.Collect$$libinit$$00000002) for __rt_lib_init_fp_1
    libinit.o(.ARM.Collect$$libinit$$00000000) refers (Special) to libinit2.o(.ARM.Collect$$libinit$$0000001F) for __rt_lib_init_fp_trap_1
    libinit.o(.ARM.Collect$$libinit$$00000000) refers (Special) to libinit2.o(.ARM.Collect$$libinit$$00000023) for __rt_lib_init_getenv_1
    libinit.o(.ARM.Collect$$libinit$$00000000) refers (Special) to libinit2.o(.ARM.Collect$$libinit$$0000000A) for __rt_lib_init_heap_1
    libinit.o(.ARM.Collect$$libinit$$00000000) refers (Special) to libinit2.o(.ARM.Collect$$libinit$$00000011) for __rt_lib_init_lc_collate_1
    libinit.o(.ARM.Collect$$libinit$$00000000) refers (Special) to libinit2.o(.ARM.Collect$$libinit$$00000013) for __rt_lib_init_lc_ctype_1
    libinit.o(.ARM.Collect$$libinit$$00000000) refers (Special) to libinit2.o(.ARM.Collect$$libinit$$00000015) for __rt_lib_init_lc_monetary_1
    libinit.o(.ARM.Collect$$libinit$$00000000) refers (Special) to libinit2.o(.ARM.Collect$$libinit$$00000017) for __rt_lib_init_lc_numeric_1
    libinit.o(.ARM.Collect$$libinit$$00000000) refers (Special) to libinit2.o(.ARM.Collect$$libinit$$00000019) for __rt_lib_init_lc_time_1
    libinit.o(.ARM.Collect$$libinit$$00000000) refers (Special) to libinit2.o(.ARM.Collect$$libinit$$00000004) for __rt_lib_init_preinit_1
    libinit.o(.ARM.Collect$$libinit$$00000000) refers (Special) to libinit2.o(.ARM.Collect$$libinit$$0000000E) for __rt_lib_init_rand_1
    libinit.o(.ARM.Collect$$libinit$$00000000) refers (Special) to libinit2.o(.ARM.Collect$$libinit$$00000033) for __rt_lib_init_return
    libinit.o(.ARM.Collect$$libinit$$00000000) refers (Special) to libinit2.o(.ARM.Collect$$libinit$$0000001D) for __rt_lib_init_signal_1
    libinit.o(.ARM.Collect$$libinit$$00000000) refers (Special) to libinit2.o(.ARM.Collect$$libinit$$00000025) for __rt_lib_init_stdio_1
    libinit.o(.ARM.Collect$$libinit$$00000000) refers (Special) to libinit2.o(.ARM.Collect$$libinit$$0000000C) for __rt_lib_init_user_alloc_1
    libspace.o(.text) refers to libspace.o(.bss) for __libspace_start
    rtexit.o(.ARM.Collect$$rtexit$$00000000) refers (Special) to rtexit2.o(.ARM.Collect$$rtexit$$00000004) for __rt_exit_exit
    rtexit.o(.ARM.Collect$$rtexit$$00000000) refers (Special) to rtexit2.o(.ARM.Collect$$rtexit$$00000003) for __rt_exit_ls
    rtexit.o(.ARM.Collect$$rtexit$$00000000) refers (Special) to rtexit2.o(.ARM.Collect$$rtexit$$00000002) for __rt_exit_prels_1
    rtexit.o(.ARM.exidx) refers (Special) to rtexit2.o(.ARM.Collect$$rtexit$$00000004) for __rt_exit_exit
    rtexit.o(.ARM.exidx) refers (Special) to rtexit2.o(.ARM.Collect$$rtexit$$00000003) for __rt_exit_ls
    rtexit.o(.ARM.exidx) refers (Special) to rtexit2.o(.ARM.Collect$$rtexit$$00000002) for __rt_exit_prels_1
    rtexit.o(.ARM.exidx) refers to rtexit.o(.ARM.Collect$$rtexit$$00000000) for .ARM.Collect$$rtexit$$00000000
    libinit2.o(.ARM.Collect$$libinit$$00000010) refers to libinit2.o(.ARM.Collect$$libinit$$0000000F) for .ARM.Collect$$libinit$$0000000F
    libinit2.o(.ARM.Collect$$libinit$$00000012) refers to libinit2.o(.ARM.Collect$$libinit$$0000000F) for .ARM.Collect$$libinit$$0000000F
    libinit2.o(.ARM.Collect$$libinit$$00000014) refers to libinit2.o(.ARM.Collect$$libinit$$0000000F) for .ARM.Collect$$libinit$$0000000F
    libinit2.o(.ARM.Collect$$libinit$$00000016) refers to libinit2.o(.ARM.Collect$$libinit$$0000000F) for .ARM.Collect$$libinit$$0000000F
    libinit2.o(.ARM.Collect$$libinit$$00000018) refers to libinit2.o(.ARM.Collect$$libinit$$0000000F) for .ARM.Collect$$libinit$$0000000F
    libinit2.o(.ARM.Collect$$libinit$$00000026) refers to argv_veneer.o(.emb_text) for __ARM_argv_veneer
    libinit2.o(.ARM.Collect$$libinit$$00000027) refers to argv_veneer.o(.emb_text) for __ARM_argv_veneer
    rtexit2.o(.ARM.Collect$$rtexit$$00000003) refers to libshutdown.o(.ARM.Collect$$libshutdown$$00000000) for __rt_lib_shutdown
    rtexit2.o(.ARM.Collect$$rtexit$$00000004) refers to debugserial.o(i._sys_exit) for _sys_exit
    rtexit2.o(.ARM.exidx) refers to rtexit2.o(.ARM.Collect$$rtexit$$00000001) for .ARM.Collect$$rtexit$$00000001
    rtexit2.o(.ARM.exidx) refers to rtexit2.o(.ARM.Collect$$rtexit$$00000003) for .ARM.Collect$$rtexit$$00000003
    rtexit2.o(.ARM.exidx) refers to rtexit2.o(.ARM.Collect$$rtexit$$00000004) for .ARM.Collect$$rtexit$$00000004
    argv_veneer.o(.emb_text) refers to no_argv.o(.text) for __ARM_get_argv
    _get_argv_nomalloc.o(.text) refers (Special) to hrguard.o(.text) for __heap_region$guard
    _get_argv_nomalloc.o(.text) refers to defsig_rtmem_outer.o(.text) for __rt_SIGRTMEM
    _get_argv_nomalloc.o(.text) refers to sys_command.o(.text) for _sys_command_string
    libshutdown.o(.ARM.Collect$$libshutdown$$00000000) refers (Special) to libshutdown2.o(.ARM.Collect$$libshutdown$$00000002) for __rt_lib_shutdown_cpp_1
    libshutdown.o(.ARM.Collect$$libshutdown$$00000000) refers (Special) to libshutdown2.o(.ARM.Collect$$libshutdown$$00000007) for __rt_lib_shutdown_fp_trap_1
    libshutdown.o(.ARM.Collect$$libshutdown$$00000000) refers (Special) to libshutdown2.o(.ARM.Collect$$libshutdown$$0000000F) for __rt_lib_shutdown_heap_1
    libshutdown.o(.ARM.Collect$$libshutdown$$00000000) refers (Special) to libshutdown2.o(.ARM.Collect$$libshutdown$$00000010) for __rt_lib_shutdown_return
    libshutdown.o(.ARM.Collect$$libshutdown$$00000000) refers (Special) to libshutdown2.o(.ARM.Collect$$libshutdown$$0000000A) for __rt_lib_shutdown_signal_1
    libshutdown.o(.ARM.Collect$$libshutdown$$00000000) refers (Special) to libshutdown2.o(.ARM.Collect$$libshutdown$$00000004) for __rt_lib_shutdown_stdio_1
    libshutdown.o(.ARM.Collect$$libshutdown$$00000000) refers (Special) to libshutdown2.o(.ARM.Collect$$libshutdown$$0000000C) for __rt_lib_shutdown_user_alloc_1
    sys_command.o(.text) refers (Special) to use_no_semi.o(.text) for __I$use$semihosting
    sys_command.o(.text) refers (Special) to indicate_semi.o(.text) for __semihosting_library_function
    defsig_rtmem_outer.o(.text) refers to defsig_rtmem_inner.o(.text) for __rt_SIGRTMEM_inner
    defsig_rtmem_outer.o(.text) refers to defsig_exit.o(.text) for __sig_exit
    defsig_rtmem_formal.o(.text) refers to rt_raise.o(.text) for __rt_raise
    rt_raise.o(.text) refers to __raise.o(.text) for __raise
    rt_raise.o(.text) refers to debugserial.o(i._sys_exit) for _sys_exit
    defsig_exit.o(.text) refers to debugserial.o(i._sys_exit) for _sys_exit
    defsig_rtmem_inner.o(.text) refers to defsig_general.o(.text) for __default_signal_display
    __raise.o(.text) refers to defsig.o(CL$$defsig) for __default_signal_handler
    defsig_general.o(.text) refers to sys_wrch.o(.text) for _ttywrch
    sys_wrch.o(.text) refers (Special) to use_no_semi.o(.text) for __I$use$semihosting
    sys_wrch.o(.text) refers (Special) to indicate_semi.o(.text) for __semihosting_library_function
    defsig.o(CL$$defsig) refers to defsig_rtmem_inner.o(.text) for __rt_SIGRTMEM_inner
    defsig_abrt_inner.o(.text) refers to defsig_general.o(.text) for __default_signal_display
    defsig_fpe_inner.o(.text) refers to defsig_general.o(.text) for __default_signal_display
    defsig_rtred_inner.o(.text) refers to defsig_general.o(.text) for __default_signal_display
    defsig_stak_inner.o(.text) refers to defsig_general.o(.text) for __default_signal_display
    defsig_pvfn_inner.o(.text) refers to defsig_general.o(.text) for __default_signal_display
    defsig_cppl_inner.o(.text) refers to defsig_general.o(.text) for __default_signal_display
    defsig_segv_inner.o(.text) refers to defsig_general.o(.text) for __default_signal_display
    defsig_other.o(.text) refers to defsig_general.o(.text) for __default_signal_display


==============================================================================

Removing Unused input sections from the image.

    Removing core_cm3.o(.emb_text), (32 bytes).
    Removing system_stm32f10x.o(.rev16_text), (4 bytes).
    Removing system_stm32f10x.o(.revsh_text), (4 bytes).
    Removing system_stm32f10x.o(.rrx_text), (6 bytes).
    Removing system_stm32f10x.o(i.SystemCoreClockUpdate), (164 bytes).
    Removing system_stm32f10x.o(.data), (20 bytes).
    Removing misc.o(.rev16_text), (4 bytes).
    Removing misc.o(.revsh_text), (4 bytes).
    Removing misc.o(.rrx_text), (6 bytes).
    Removing misc.o(i.NVIC_Init), (112 bytes).
    Removing misc.o(i.NVIC_SetVectorTable), (20 bytes).
    Removing misc.o(i.NVIC_SystemLPConfig), (32 bytes).
    Removing misc.o(i.SysTick_CLKSourceConfig), (40 bytes).
    Removing stm32f10x_flash.o(.rev16_text), (4 bytes).
    Removing stm32f10x_flash.o(.revsh_text), (4 bytes).
    Removing stm32f10x_flash.o(.rrx_text), (6 bytes).
    Removing stm32f10x_flash.o(i.FLASH_EnableWriteProtection), (196 bytes).
    Removing stm32f10x_flash.o(i.FLASH_EraseAllBank1Pages), (72 bytes).
    Removing stm32f10x_flash.o(i.FLASH_EraseAllPages), (72 bytes).
    Removing stm32f10x_flash.o(i.FLASH_EraseOptionBytes), (168 bytes).
    Removing stm32f10x_flash.o(i.FLASH_GetFlagStatus), (48 bytes).
    Removing stm32f10x_flash.o(i.FLASH_GetPrefetchBufferStatus), (24 bytes).
    Removing stm32f10x_flash.o(i.FLASH_GetReadOutProtectionStatus), (24 bytes).
    Removing stm32f10x_flash.o(i.FLASH_GetStatus), (52 bytes).
    Removing stm32f10x_flash.o(i.FLASH_GetUserOptionByte), (12 bytes).
    Removing stm32f10x_flash.o(i.FLASH_GetWriteProtectionOptionByte), (12 bytes).
    Removing stm32f10x_flash.o(i.FLASH_HalfCycleAccessCmd), (28 bytes).
    Removing stm32f10x_flash.o(i.FLASH_ITConfig), (32 bytes).
    Removing stm32f10x_flash.o(i.FLASH_LockBank1), (20 bytes).
    Removing stm32f10x_flash.o(i.FLASH_PrefetchBufferCmd), (28 bytes).
    Removing stm32f10x_flash.o(i.FLASH_ProgramHalfWord), (64 bytes).
    Removing stm32f10x_flash.o(i.FLASH_ProgramOptionByteData), (84 bytes).
    Removing stm32f10x_flash.o(i.FLASH_ReadOutProtection), (172 bytes).
    Removing stm32f10x_flash.o(i.FLASH_SetLatency), (24 bytes).
    Removing stm32f10x_flash.o(i.FLASH_UnlockBank1), (24 bytes).
    Removing stm32f10x_flash.o(i.FLASH_UserOptionByteConfig), (104 bytes).
    Removing stm32f10x_flash.o(i.FLASH_WaitForLastBank1Operation), (38 bytes).
    Removing stm32f10x_gpio.o(.rev16_text), (4 bytes).
    Removing stm32f10x_gpio.o(.revsh_text), (4 bytes).
    Removing stm32f10x_gpio.o(.rrx_text), (6 bytes).
    Removing stm32f10x_gpio.o(i.GPIO_AFIODeInit), (20 bytes).
    Removing stm32f10x_gpio.o(i.GPIO_DeInit), (200 bytes).
    Removing stm32f10x_gpio.o(i.GPIO_ETH_MediaInterfaceConfig), (12 bytes).
    Removing stm32f10x_gpio.o(i.GPIO_EXTILineConfig), (64 bytes).
    Removing stm32f10x_gpio.o(i.GPIO_EventOutputCmd), (12 bytes).
    Removing stm32f10x_gpio.o(i.GPIO_EventOutputConfig), (32 bytes).
    Removing stm32f10x_gpio.o(i.GPIO_PinLockConfig), (18 bytes).
    Removing stm32f10x_gpio.o(i.GPIO_PinRemapConfig), (144 bytes).
    Removing stm32f10x_gpio.o(i.GPIO_ReadInputData), (8 bytes).
    Removing stm32f10x_gpio.o(i.GPIO_ReadInputDataBit), (18 bytes).
    Removing stm32f10x_gpio.o(i.GPIO_ReadOutputData), (8 bytes).
    Removing stm32f10x_gpio.o(i.GPIO_ReadOutputDataBit), (18 bytes).
    Removing stm32f10x_gpio.o(i.GPIO_ResetBits), (4 bytes).
    Removing stm32f10x_gpio.o(i.GPIO_SetBits), (4 bytes).
    Removing stm32f10x_gpio.o(i.GPIO_StructInit), (16 bytes).
    Removing stm32f10x_gpio.o(i.GPIO_Write), (4 bytes).
    Removing stm32f10x_gpio.o(i.GPIO_WriteBit), (10 bytes).
    Removing stm32f10x_rcc.o(.rev16_text), (4 bytes).
    Removing stm32f10x_rcc.o(.revsh_text), (4 bytes).
    Removing stm32f10x_rcc.o(.rrx_text), (6 bytes).
    Removing stm32f10x_rcc.o(i.RCC_ADCCLKConfig), (24 bytes).
    Removing stm32f10x_rcc.o(i.RCC_AHBPeriphClockCmd), (32 bytes).
    Removing stm32f10x_rcc.o(i.RCC_APB1PeriphClockCmd), (32 bytes).
    Removing stm32f10x_rcc.o(i.RCC_AdjustHSICalibrationValue), (24 bytes).
    Removing stm32f10x_rcc.o(i.RCC_BackupResetCmd), (12 bytes).
    Removing stm32f10x_rcc.o(i.RCC_ClearFlag), (20 bytes).
    Removing stm32f10x_rcc.o(i.RCC_ClearITPendingBit), (12 bytes).
    Removing stm32f10x_rcc.o(i.RCC_ClockSecuritySystemCmd), (12 bytes).
    Removing stm32f10x_rcc.o(i.RCC_DeInit), (76 bytes).
    Removing stm32f10x_rcc.o(i.RCC_GetFlagStatus), (60 bytes).
    Removing stm32f10x_rcc.o(i.RCC_GetITStatus), (24 bytes).
    Removing stm32f10x_rcc.o(i.RCC_GetSYSCLKSource), (16 bytes).
    Removing stm32f10x_rcc.o(i.RCC_HCLKConfig), (24 bytes).
    Removing stm32f10x_rcc.o(i.RCC_HSEConfig), (76 bytes).
    Removing stm32f10x_rcc.o(i.RCC_HSICmd), (12 bytes).
    Removing stm32f10x_rcc.o(i.RCC_ITConfig), (32 bytes).
    Removing stm32f10x_rcc.o(i.RCC_LSEConfig), (52 bytes).
    Removing stm32f10x_rcc.o(i.RCC_LSICmd), (12 bytes).
    Removing stm32f10x_rcc.o(i.RCC_MCOConfig), (12 bytes).
    Removing stm32f10x_rcc.o(i.RCC_PCLK1Config), (24 bytes).
    Removing stm32f10x_rcc.o(i.RCC_PCLK2Config), (24 bytes).
    Removing stm32f10x_rcc.o(i.RCC_PLLCmd), (12 bytes).
    Removing stm32f10x_rcc.o(i.RCC_PLLConfig), (28 bytes).
    Removing stm32f10x_rcc.o(i.RCC_RTCCLKConfig), (16 bytes).
    Removing stm32f10x_rcc.o(i.RCC_SYSCLKConfig), (24 bytes).
    Removing stm32f10x_rcc.o(i.RCC_USBCLKConfig), (12 bytes).
    Removing stm32f10x_rcc.o(i.RCC_WaitForHSEStartUp), (56 bytes).
    Removing stm32f10x_usart.o(.rev16_text), (4 bytes).
    Removing stm32f10x_usart.o(.revsh_text), (4 bytes).
    Removing stm32f10x_usart.o(.rrx_text), (6 bytes).
    Removing stm32f10x_usart.o(i.USART_ClearFlag), (18 bytes).
    Removing stm32f10x_usart.o(i.USART_ClockInit), (34 bytes).
    Removing stm32f10x_usart.o(i.USART_ClockStructInit), (12 bytes).
    Removing stm32f10x_usart.o(i.USART_DMACmd), (18 bytes).
    Removing stm32f10x_usart.o(i.USART_HalfDuplexCmd), (24 bytes).
    Removing stm32f10x_usart.o(i.USART_IrDACmd), (24 bytes).
    Removing stm32f10x_usart.o(i.USART_IrDAConfig), (18 bytes).
    Removing stm32f10x_usart.o(i.USART_LINBreakDetectLengthConfig), (18 bytes).
    Removing stm32f10x_usart.o(i.USART_LINCmd), (24 bytes).
    Removing stm32f10x_usart.o(i.USART_OneBitMethodCmd), (24 bytes).
    Removing stm32f10x_usart.o(i.USART_OverSampling8Cmd), (22 bytes).
    Removing stm32f10x_usart.o(i.USART_ReceiverWakeUpCmd), (24 bytes).
    Removing stm32f10x_usart.o(i.USART_SendBreak), (10 bytes).
    Removing stm32f10x_usart.o(i.USART_SetAddress), (18 bytes).
    Removing stm32f10x_usart.o(i.USART_SetGuardTime), (16 bytes).
    Removing stm32f10x_usart.o(i.USART_SetPrescaler), (16 bytes).
    Removing stm32f10x_usart.o(i.USART_SmartCardCmd), (24 bytes).
    Removing stm32f10x_usart.o(i.USART_SmartCardNACKCmd), (24 bytes).
    Removing stm32f10x_usart.o(i.USART_StructInit), (24 bytes).
    Removing stm32f10x_usart.o(i.USART_WakeUpConfig), (18 bytes).
    Removing main.o(.rev16_text), (4 bytes).
    Removing main.o(.revsh_text), (4 bytes).
    Removing main.o(.rrx_text), (6 bytes).
    Removing stm32f10x_it.o(.rev16_text), (4 bytes).
    Removing stm32f10x_it.o(.revsh_text), (4 bytes).
    Removing stm32f10x_it.o(.rrx_text), (6 bytes).
    Removing debugserial.o(.rev16_text), (4 bytes).
    Removing debugserial.o(.revsh_text), (4 bytes).
    Removing debugserial.o(.rrx_text), (6 bytes).
    Removing debugserial.o(i.SerialGetChar), (36 bytes).
    Removing debugserial.o(i.fputc), (28 bytes).
    Removing debugserial.o(.bss), (250 bytes).
    Removing flash.o(.rev16_text), (4 bytes).
    Removing flash.o(.revsh_text), (4 bytes).
    Removing flash.o(.rrx_text), (6 bytes).
    Removing flash.o(i.JumpToApplication), (60 bytes).
    Removing flash.o(i.STMFLASH_Read), (34 bytes).
    Removing flash.o(i.STMFLASH_ReadHalfWord), (6 bytes).
    Removing flash.o(i.STMFLASH_Write), (232 bytes).
    Removing flash.o(i.STMFLASH_Write_NoCheck), (38 bytes).
    Removing flash.o(i.Test_Write), (16 bytes).
    Removing flash.o(.bss), (2048 bytes).
    Removing flash.o(.data), (4 bytes).
    Removing frame_parse.o(.rev16_text), (4 bytes).
    Removing frame_parse.o(.revsh_text), (4 bytes).
    Removing frame_parse.o(.rrx_text), (6 bytes).
    Removing sys.o(.rev16_text), (4 bytes).
    Removing sys.o(.revsh_text), (4 bytes).
    Removing sys.o(.rrx_text), (6 bytes).
    Removing usart_driver.o(.rev16_text), (4 bytes).
    Removing usart_driver.o(.revsh_text), (4 bytes).
    Removing usart_driver.o(.rrx_text), (6 bytes).

142 unused section(s) (total 6414 bytes) removed from the image.

==============================================================================

Image Symbol Table

    Local Symbols

    Symbol Name                              Value     Ov Type        Size  Object(Section)

    ../clib/angel/boardlib.s                 0x00000000   Number         0  boardinit1.o ABSOLUTE
    ../clib/angel/boardlib.s                 0x00000000   Number         0  boardinit3.o ABSOLUTE
    ../clib/angel/boardlib.s                 0x00000000   Number         0  boardinit2.o ABSOLUTE
    ../clib/angel/boardlib.s                 0x00000000   Number         0  boardshut.o ABSOLUTE
    ../clib/angel/handlers.s                 0x00000000   Number         0  __scatter_copy.o ABSOLUTE
    ../clib/angel/handlers.s                 0x00000000   Number         0  __scatter_zi.o ABSOLUTE
    ../clib/angel/kernel.s                   0x00000000   Number         0  __rtentry4.o ABSOLUTE
    ../clib/angel/kernel.s                   0x00000000   Number         0  rtexit.o ABSOLUTE
    ../clib/angel/kernel.s                   0x00000000   Number         0  rtexit2.o ABSOLUTE
    ../clib/angel/kernel.s                   0x00000000   Number         0  __rtentry2.o ABSOLUTE
    ../clib/angel/kernel.s                   0x00000000   Number         0  __rtentry.o ABSOLUTE
    ../clib/angel/rt.s                       0x00000000   Number         0  rt_raise.o ABSOLUTE
    ../clib/angel/scatter.s                  0x00000000   Number         0  __scatter.o ABSOLUTE
    ../clib/angel/startup.s                  0x00000000   Number         0  __main.o ABSOLUTE
    ../clib/angel/sys.s                      0x00000000   Number         0  libspace.o ABSOLUTE
    ../clib/angel/sys.s                      0x00000000   Number         0  indicate_semi.o ABSOLUTE
    ../clib/angel/sys.s                      0x00000000   Number         0  sys_stackheap_outer.o ABSOLUTE
    ../clib/angel/sys.s                      0x00000000   Number         0  use_no_semi.o ABSOLUTE
    ../clib/angel/sys.s                      0x00000000   Number         0  use_no_semi_2.o ABSOLUTE
    ../clib/angel/sysapp.c                   0x00000000   Number         0  sys_command.o ABSOLUTE
    ../clib/angel/sysapp.c                   0x00000000   Number         0  sys_wrch.o ABSOLUTE
    ../clib/armsys.c                         0x00000000   Number         0  argv_veneer.o ABSOLUTE
    ../clib/armsys.c                         0x00000000   Number         0  argv_veneer.o ABSOLUTE
    ../clib/armsys.c                         0x00000000   Number         0  _get_argv_nomalloc.o ABSOLUTE
    ../clib/armsys.c                         0x00000000   Number         0  no_argv.o ABSOLUTE
    ../clib/heapalloc.c                      0x00000000   Number         0  hrguard.o ABSOLUTE
    ../clib/heapaux.c                        0x00000000   Number         0  heapauxi.o ABSOLUTE
    ../clib/libinit.s                        0x00000000   Number         0  libinit2.o ABSOLUTE
    ../clib/libinit.s                        0x00000000   Number         0  libshutdown.o ABSOLUTE
    ../clib/libinit.s                        0x00000000   Number         0  libshutdown2.o ABSOLUTE
    ../clib/libinit.s                        0x00000000   Number         0  libinit.o ABSOLUTE
    ../clib/memcpset.s                       0x00000000   Number         0  rt_memcpy_w.o ABSOLUTE
    ../clib/memcpset.s                       0x00000000   Number         0  rt_memcpy_v6.o ABSOLUTE
    ../clib/signal.c                         0x00000000   Number         0  defsig_rtmem_inner.o ABSOLUTE
    ../clib/signal.c                         0x00000000   Number         0  defsig_exit.o ABSOLUTE
    ../clib/signal.c                         0x00000000   Number         0  defsig_stak_inner.o ABSOLUTE
    ../clib/signal.c                         0x00000000   Number         0  defsig_rtmem_formal.o ABSOLUTE
    ../clib/signal.c                         0x00000000   Number         0  defsig_rtmem_outer.o ABSOLUTE
    ../clib/signal.c                         0x00000000   Number         0  defsig_other.o ABSOLUTE
    ../clib/signal.c                         0x00000000   Number         0  defsig_general.o ABSOLUTE
    ../clib/signal.c                         0x00000000   Number         0  defsig_segv_inner.o ABSOLUTE
    ../clib/signal.c                         0x00000000   Number         0  defsig_cppl_inner.o ABSOLUTE
    ../clib/signal.c                         0x00000000   Number         0  defsig_pvfn_inner.o ABSOLUTE
    ../clib/signal.c                         0x00000000   Number         0  defsig_rtred_inner.o ABSOLUTE
    ../clib/signal.c                         0x00000000   Number         0  defsig_fpe_inner.o ABSOLUTE
    ../clib/signal.c                         0x00000000   Number         0  defsig_abrt_inner.o ABSOLUTE
    ../clib/signal.c                         0x00000000   Number         0  __raise.o ABSOLUTE
    ../clib/signal.s                         0x00000000   Number         0  defsig.o ABSOLUTE
    ../clib/stdlib.c                         0x00000000   Number         0  exit.o ABSOLUTE
    ../fplib/fpinit.s                        0x00000000   Number         0  fpinit.o ABSOLUTE
    cmsis\\core_cm3.c                        0x00000000   Number         0  core_cm3.o ABSOLUTE
    cmsis\\system_stm32f10x.c                0x00000000   Number         0  system_stm32f10x.o ABSOLUTE
    cmsis\core_cm3.c                         0x00000000   Number         0  core_cm3.o ABSOLUTE
    cmsis\system_stm32f10x.c                 0x00000000   Number         0  system_stm32f10x.o ABSOLUTE
    dc.s                                     0x00000000   Number         0  dc.o ABSOLUTE
    emlib\\misc.c                            0x00000000   Number         0  misc.o ABSOLUTE
    emlib\\stm32f10x_flash.c                 0x00000000   Number         0  stm32f10x_flash.o ABSOLUTE
    emlib\\stm32f10x_gpio.c                  0x00000000   Number         0  stm32f10x_gpio.o ABSOLUTE
    emlib\\stm32f10x_rcc.c                   0x00000000   Number         0  stm32f10x_rcc.o ABSOLUTE
    emlib\\stm32f10x_usart.c                 0x00000000   Number         0  stm32f10x_usart.o ABSOLUTE
    emlib\misc.c                             0x00000000   Number         0  misc.o ABSOLUTE
    emlib\stm32f10x_flash.c                  0x00000000   Number         0  stm32f10x_flash.o ABSOLUTE
    emlib\stm32f10x_gpio.c                   0x00000000   Number         0  stm32f10x_gpio.o ABSOLUTE
    emlib\stm32f10x_rcc.c                    0x00000000   Number         0  stm32f10x_rcc.o ABSOLUTE
    emlib\stm32f10x_usart.c                  0x00000000   Number         0  stm32f10x_usart.o ABSOLUTE
    src\\debugSerial.c                       0x00000000   Number         0  debugserial.o ABSOLUTE
    src\\flash.c                             0x00000000   Number         0  flash.o ABSOLUTE
    src\\frame_parse.c                       0x00000000   Number         0  frame_parse.o ABSOLUTE
    src\\main.c                              0x00000000   Number         0  main.o ABSOLUTE
    src\\stm32f10x_it.c                      0x00000000   Number         0  stm32f10x_it.o ABSOLUTE
    src\\sys.c                               0x00000000   Number         0  sys.o ABSOLUTE
    src\\usart_driver.c                      0x00000000   Number         0  usart_driver.o ABSOLUTE
    src\debugSerial.c                        0x00000000   Number         0  debugserial.o ABSOLUTE
    src\flash.c                              0x00000000   Number         0  flash.o ABSOLUTE
    src\frame_parse.c                        0x00000000   Number         0  frame_parse.o ABSOLUTE
    src\main.c                               0x00000000   Number         0  main.o ABSOLUTE
    src\startup_stm32f10x_xl.s               0x00000000   Number         0  startup_stm32f10x_xl.o ABSOLUTE
    src\stm32f10x_it.c                       0x00000000   Number         0  stm32f10x_it.o ABSOLUTE
    src\sys.c                                0x00000000   Number         0  sys.o ABSOLUTE
    src\usart_driver.c                       0x00000000   Number         0  usart_driver.o ABSOLUTE
    RESET                                    0x08000000   Section      304  startup_stm32f10x_xl.o(RESET)
    !!!main                                  0x08000130   Section        8  __main.o(!!!main)
    !!!scatter                               0x08000138   Section       52  __scatter.o(!!!scatter)
    !!handler_copy                           0x0800016c   Section       26  __scatter_copy.o(!!handler_copy)
    !!handler_zi                             0x08000188   Section       28  __scatter_zi.o(!!handler_zi)
    .ARM.Collect$$libinit$$00000000          0x080001a4   Section        2  libinit.o(.ARM.Collect$$libinit$$00000000)
    .ARM.Collect$$libinit$$00000002          0x080001a6   Section        0  libinit2.o(.ARM.Collect$$libinit$$00000002)
    .ARM.Collect$$libinit$$00000004          0x080001a6   Section        0  libinit2.o(.ARM.Collect$$libinit$$00000004)
    .ARM.Collect$$libinit$$0000000A          0x080001a6   Section        0  libinit2.o(.ARM.Collect$$libinit$$0000000A)
    .ARM.Collect$$libinit$$0000000C          0x080001a6   Section        0  libinit2.o(.ARM.Collect$$libinit$$0000000C)
    .ARM.Collect$$libinit$$0000000E          0x080001a6   Section        0  libinit2.o(.ARM.Collect$$libinit$$0000000E)
    .ARM.Collect$$libinit$$00000011          0x080001a6   Section        0  libinit2.o(.ARM.Collect$$libinit$$00000011)
    .ARM.Collect$$libinit$$00000013          0x080001a6   Section        0  libinit2.o(.ARM.Collect$$libinit$$00000013)
    .ARM.Collect$$libinit$$00000015          0x080001a6   Section        0  libinit2.o(.ARM.Collect$$libinit$$00000015)
    .ARM.Collect$$libinit$$00000017          0x080001a6   Section        0  libinit2.o(.ARM.Collect$$libinit$$00000017)
    .ARM.Collect$$libinit$$00000019          0x080001a6   Section        0  libinit2.o(.ARM.Collect$$libinit$$00000019)
    .ARM.Collect$$libinit$$0000001B          0x080001a6   Section        0  libinit2.o(.ARM.Collect$$libinit$$0000001B)
    .ARM.Collect$$libinit$$0000001D          0x080001a6   Section        0  libinit2.o(.ARM.Collect$$libinit$$0000001D)
    .ARM.Collect$$libinit$$0000001F          0x080001a6   Section        0  libinit2.o(.ARM.Collect$$libinit$$0000001F)
    .ARM.Collect$$libinit$$00000021          0x080001a6   Section        0  libinit2.o(.ARM.Collect$$libinit$$00000021)
    .ARM.Collect$$libinit$$00000023          0x080001a6   Section        0  libinit2.o(.ARM.Collect$$libinit$$00000023)
    .ARM.Collect$$libinit$$00000025          0x080001a6   Section        0  libinit2.o(.ARM.Collect$$libinit$$00000025)
    .ARM.Collect$$libinit$$0000002C          0x080001a6   Section        0  libinit2.o(.ARM.Collect$$libinit$$0000002C)
    .ARM.Collect$$libinit$$0000002E          0x080001a6   Section        0  libinit2.o(.ARM.Collect$$libinit$$0000002E)
    .ARM.Collect$$libinit$$00000030          0x080001a6   Section        0  libinit2.o(.ARM.Collect$$libinit$$00000030)
    .ARM.Collect$$libinit$$00000032          0x080001a6   Section        0  libinit2.o(.ARM.Collect$$libinit$$00000032)
    .ARM.Collect$$libinit$$00000033          0x080001a6   Section        2  libinit2.o(.ARM.Collect$$libinit$$00000033)
    .ARM.Collect$$libshutdown$$00000000      0x080001a8   Section        2  libshutdown.o(.ARM.Collect$$libshutdown$$00000000)
    .ARM.Collect$$libshutdown$$00000002      0x080001aa   Section        0  libshutdown2.o(.ARM.Collect$$libshutdown$$00000002)
    .ARM.Collect$$libshutdown$$00000004      0x080001aa   Section        0  libshutdown2.o(.ARM.Collect$$libshutdown$$00000004)
    .ARM.Collect$$libshutdown$$00000007      0x080001aa   Section        0  libshutdown2.o(.ARM.Collect$$libshutdown$$00000007)
    .ARM.Collect$$libshutdown$$0000000A      0x080001aa   Section        0  libshutdown2.o(.ARM.Collect$$libshutdown$$0000000A)
    .ARM.Collect$$libshutdown$$0000000C      0x080001aa   Section        0  libshutdown2.o(.ARM.Collect$$libshutdown$$0000000C)
    .ARM.Collect$$libshutdown$$0000000F      0x080001aa   Section        0  libshutdown2.o(.ARM.Collect$$libshutdown$$0000000F)
    .ARM.Collect$$libshutdown$$00000010      0x080001aa   Section        2  libshutdown2.o(.ARM.Collect$$libshutdown$$00000010)
    .ARM.Collect$$rtentry$$00000000          0x080001ac   Section        0  __rtentry.o(.ARM.Collect$$rtentry$$00000000)
    .ARM.Collect$$rtentry$$00000002          0x080001ac   Section        0  __rtentry2.o(.ARM.Collect$$rtentry$$00000002)
    .ARM.Collect$$rtentry$$00000004          0x080001ac   Section        6  __rtentry4.o(.ARM.Collect$$rtentry$$00000004)
    .ARM.Collect$$rtentry$$00000009          0x080001b2   Section        0  __rtentry2.o(.ARM.Collect$$rtentry$$00000009)
    .ARM.Collect$$rtentry$$0000000A          0x080001b2   Section        4  __rtentry2.o(.ARM.Collect$$rtentry$$0000000A)
    .ARM.Collect$$rtentry$$0000000C          0x080001b6   Section        0  __rtentry2.o(.ARM.Collect$$rtentry$$0000000C)
    .ARM.Collect$$rtentry$$0000000D          0x080001b6   Section        8  __rtentry2.o(.ARM.Collect$$rtentry$$0000000D)
    .ARM.Collect$$rtexit$$00000000           0x080001be   Section        2  rtexit.o(.ARM.Collect$$rtexit$$00000000)
    .ARM.Collect$$rtexit$$00000002           0x080001c0   Section        0  rtexit2.o(.ARM.Collect$$rtexit$$00000002)
    .ARM.Collect$$rtexit$$00000003           0x080001c0   Section        4  rtexit2.o(.ARM.Collect$$rtexit$$00000003)
    .ARM.Collect$$rtexit$$00000004           0x080001c4   Section        6  rtexit2.o(.ARM.Collect$$rtexit$$00000004)
    .text                                    0x080001cc   Section       64  startup_stm32f10x_xl.o(.text)
    .text                                    0x0800020c   Section        2  use_no_semi_2.o(.text)
    .text                                    0x0800020e   Section      138  rt_memcpy_v6.o(.text)
    .text                                    0x08000298   Section        0  heapauxi.o(.text)
    .text                                    0x0800029e   Section        2  use_no_semi.o(.text)
    .text                                    0x080002a0   Section      100  rt_memcpy_w.o(.text)
    .text                                    0x08000304   Section       74  sys_stackheap_outer.o(.text)
    .text                                    0x0800034e   Section        0  exit.o(.text)
    .text                                    0x08000360   Section        8  libspace.o(.text)
    i.BOOT_ErasePage                         0x08000368   Section        0  flash.o(i.BOOT_ErasePage)
    i.BOOT_ProgramDatatoFlash                0x080003a8   Section        0  flash.o(i.BOOT_ProgramDatatoFlash)
    i.BusFault_Handler                       0x080003f8   Section        0  stm32f10x_it.o(i.BusFault_Handler)
    i.DebugMon_Handler                       0x080003fc   Section        0  stm32f10x_it.o(i.DebugMon_Handler)
    i.Debug_Serial_Init                      0x08000400   Section        0  debugserial.o(i.Debug_Serial_Init)
    i.Debug_Serial_Send_Buffer               0x08000538   Section        0  debugserial.o(i.Debug_Serial_Send_Buffer)
    i.Debug_Serial_Send_Char                 0x08000554   Section        0  debugserial.o(i.Debug_Serial_Send_Char)
    i.FLASH_ClearFlag                        0x08000574   Section        0  stm32f10x_flash.o(i.FLASH_ClearFlag)
    i.FLASH_ErasePage                        0x08000580   Section        0  stm32f10x_flash.o(i.FLASH_ErasePage)
    i.FLASH_GetBank1Status                   0x080005cc   Section        0  stm32f10x_flash.o(i.FLASH_GetBank1Status)
    i.FLASH_Lock                             0x08000600   Section        0  stm32f10x_flash.o(i.FLASH_Lock)
    i.FLASH_ProgramWord                      0x08000614   Section        0  stm32f10x_flash.o(i.FLASH_ProgramWord)
    i.FLASH_Unlock                           0x08000680   Section        0  stm32f10x_flash.o(i.FLASH_Unlock)
    i.FLASH_WaitForLastOperation             0x08000698   Section        0  stm32f10x_flash.o(i.FLASH_WaitForLastOperation)
    i.GPIO_Init                              0x080006be   Section        0  stm32f10x_gpio.o(i.GPIO_Init)
    i.HardFault_Handler                      0x080007d4   Section        0  stm32f10x_it.o(i.HardFault_Handler)
    i.Jump_to_app                            0x080007d8   Section        0  main.o(i.Jump_to_app)
    i.MemManage_Handler                      0x08000804   Section        0  stm32f10x_it.o(i.MemManage_Handler)
    i.NMI_Handler                            0x08000808   Section        0  stm32f10x_it.o(i.NMI_Handler)
    i.NVIC_Group_Init                        0x0800080a   Section        0  sys.o(i.NVIC_Group_Init)
    i.NVIC_PriorityGroupConfig               0x08000818   Section        0  misc.o(i.NVIC_PriorityGroupConfig)
    i.PendSV_Handler                         0x0800082c   Section        0  stm32f10x_it.o(i.PendSV_Handler)
    i.RCC_APB1PeriphResetCmd                 0x08000830   Section        0  stm32f10x_rcc.o(i.RCC_APB1PeriphResetCmd)
    i.RCC_APB2PeriphClockCmd                 0x08000850   Section        0  stm32f10x_rcc.o(i.RCC_APB2PeriphClockCmd)
    i.RCC_APB2PeriphResetCmd                 0x08000870   Section        0  stm32f10x_rcc.o(i.RCC_APB2PeriphResetCmd)
    i.RCC_GetClocksFreq                      0x08000890   Section        0  stm32f10x_rcc.o(i.RCC_GetClocksFreq)
    i.RCC_RTCCLKCmd                          0x08000964   Section        0  stm32f10x_rcc.o(i.RCC_RTCCLKCmd)
    i.SVC_Handler                            0x08000970   Section        0  stm32f10x_it.o(i.SVC_Handler)
    i.SetSysClock                            0x08000972   Section        0  system_stm32f10x.o(i.SetSysClock)
    SetSysClock                              0x08000973   Thumb Code     2  system_stm32f10x.o(i.SetSysClock)
    i.SysTick_Handler                        0x08000974   Section        0  stm32f10x_it.o(i.SysTick_Handler)
    i.SystemInit                             0x08000978   Section        0  system_stm32f10x.o(i.SystemInit)
    i.USART1_IRQHandler                      0x080009d8   Section        0  debugserial.o(i.USART1_IRQHandler)
    i.USART_ClearITPendingBit                0x08000a14   Section        0  stm32f10x_usart.o(i.USART_ClearITPendingBit)
    i.USART_Cmd                              0x08000a32   Section        0  stm32f10x_usart.o(i.USART_Cmd)
    i.USART_DeInit                           0x08000a4c   Section        0  stm32f10x_usart.o(i.USART_DeInit)
    i.USART_GetFlagStatus                    0x08000ae8   Section        0  stm32f10x_usart.o(i.USART_GetFlagStatus)
    i.USART_GetITStatus                      0x08000b02   Section        0  stm32f10x_usart.o(i.USART_GetITStatus)
    i.USART_ITConfig                         0x08000b56   Section        0  stm32f10x_usart.o(i.USART_ITConfig)
    i.USART_Init                             0x08000ba0   Section        0  stm32f10x_usart.o(i.USART_Init)
    i.USART_ReceiveData                      0x08000c78   Section        0  stm32f10x_usart.o(i.USART_ReceiveData)
    i.USART_SendData                         0x08000c82   Section        0  stm32f10x_usart.o(i.USART_SendData)
    i.USB_LP_CAN1_RX0_IRQHandler             0x08000c8a   Section        0  stm32f10x_it.o(i.USB_LP_CAN1_RX0_IRQHandler)
    i.UsageFault_Handler                     0x08000c8c   Section        0  stm32f10x_it.o(i.UsageFault_Handler)
    i.WWDG_IRQHandler                        0x08000c90   Section        0  stm32f10x_it.o(i.WWDG_IRQHandler)
    i._sys_exit                              0x08000c92   Section        0  debugserial.o(i._sys_exit)
    i.calculateCRC                           0x08000c98   Section        0  usart_driver.o(i.calculateCRC)
    i.dateLinkSend                           0x08000cd8   Section        0  frame_parse.o(i.dateLinkSend)
    i.input                                  0x08000d04   Section        0  frame_parse.o(i.input)
    i.isCrcVailed                            0x08000ec4   Section        0  usart_driver.o(i.isCrcVailed)
    isCrcVailed                              0x08000ec5   Thumb Code    48  usart_driver.o(i.isCrcVailed)
    i.main                                   0x08000ef4   Section        0  main.o(i.main)
    i.send                                   0x08000fd8   Section        0  usart_driver.o(i.send)
    i.usartread                              0x08001074   Section        0  usart_driver.o(i.usartread)
    .data                                    0x20000000   Section       20  stm32f10x_rcc.o(.data)
    APBAHBPrescTable                         0x20000000   Data          16  stm32f10x_rcc.o(.data)
    ADCPrescTable                            0x20000010   Data           4  stm32f10x_rcc.o(.data)
    .data                                    0x20000014   Section       12  debugserial.o(.data)
    .data                                    0x20000020   Section       32  frame_parse.o(.data)
    .data                                    0x20000040   Section       24  usart_driver.o(.data)
    .bss                                     0x20000058   Section     3000  frame_parse.o(.bss)
    .bss                                     0x20000c10   Section     4096  usart_driver.o(.bss)
    .bss                                     0x20001c10   Section       96  libspace.o(.bss)
    HEAP                                     0x20001c70   Section      512  startup_stm32f10x_xl.o(HEAP)
    Heap_Mem                                 0x20001c70   Data         512  startup_stm32f10x_xl.o(HEAP)
    STACK                                    0x20001e70   Section     1024  startup_stm32f10x_xl.o(STACK)
    Stack_Mem                                0x20001e70   Data        1024  startup_stm32f10x_xl.o(STACK)
    __initial_sp                             0x20002270   Data           0  startup_stm32f10x_xl.o(STACK)

    Global Symbols

    Symbol Name                              Value     Ov Type        Size  Object(Section)

    BuildAttributes$$THM_ISAv4$P$D$K$B$S$PE$A:L22UL41UL21$X:L11$S22US41US21$IEEE1$IW$USESV6$~STKCKD$USESV7$~SHL$OSPACE$ROPI$EBA8$UX$STANDARDLIB$REQ8$PRES8$EABIv2 0x00000000   Number         0  anon$$obj.o ABSOLUTE
    __ARM_use_no_argv                        0x00000000   Number         0  main.o ABSOLUTE
    __ARM_exceptions_init                     - Undefined Weak Reference
    __alloca_initialize                       - Undefined Weak Reference
    __arm_preinit_                            - Undefined Weak Reference
    __cpp_initialize__aeabi_                  - Undefined Weak Reference
    __cxa_finalize                            - Undefined Weak Reference
    __rt_locale                               - Undefined Weak Reference
    __sigvec_lookup                           - Undefined Weak Reference
    _atexit_init                              - Undefined Weak Reference
    _call_atexit_fns                          - Undefined Weak Reference
    _clock_init                               - Undefined Weak Reference
    _fp_trap_init                             - Undefined Weak Reference
    _fp_trap_shutdown                         - Undefined Weak Reference
    _get_lc_collate                           - Undefined Weak Reference
    _get_lc_ctype                             - Undefined Weak Reference
    _get_lc_monetary                          - Undefined Weak Reference
    _get_lc_numeric                           - Undefined Weak Reference
    _get_lc_time                              - Undefined Weak Reference
    _getenv_init                              - Undefined Weak Reference
    _handle_redirection                       - Undefined Weak Reference
    _init_alloc                               - Undefined Weak Reference
    _init_user_alloc                          - Undefined Weak Reference
    _initio                                   - Undefined Weak Reference
    _rand_init                                - Undefined Weak Reference
    _signal_finish                            - Undefined Weak Reference
    _signal_init                              - Undefined Weak Reference
    _terminate_alloc                          - Undefined Weak Reference
    _terminate_user_alloc                     - Undefined Weak Reference
    _terminateio                              - Undefined Weak Reference
    __Vectors_Size                           0x00000130   Number         0  startup_stm32f10x_xl.o ABSOLUTE
    __Vectors                                0x08000000   Data           4  startup_stm32f10x_xl.o(RESET)
    __Vectors_End                            0x08000130   Data           0  startup_stm32f10x_xl.o(RESET)
    __main                                   0x08000131   Thumb Code     8  __main.o(!!!main)
    __scatterload                            0x08000139   Thumb Code     0  __scatter.o(!!!scatter)
    __scatterload_rt2                        0x08000139   Thumb Code    44  __scatter.o(!!!scatter)
    __scatterload_rt2_thumb_only             0x08000139   Thumb Code     0  __scatter.o(!!!scatter)
    __scatterload_null                       0x08000147   Thumb Code     0  __scatter.o(!!!scatter)
    __scatterload_copy                       0x0800016d   Thumb Code    26  __scatter_copy.o(!!handler_copy)
    __scatterload_zeroinit                   0x08000189   Thumb Code    28  __scatter_zi.o(!!handler_zi)
    __rt_lib_init                            0x080001a5   Thumb Code     0  libinit.o(.ARM.Collect$$libinit$$00000000)
    __rt_lib_init_alloca_1                   0x080001a7   Thumb Code     0  libinit2.o(.ARM.Collect$$libinit$$0000002E)
    __rt_lib_init_argv_1                     0x080001a7   Thumb Code     0  libinit2.o(.ARM.Collect$$libinit$$0000002C)
    __rt_lib_init_atexit_1                   0x080001a7   Thumb Code     0  libinit2.o(.ARM.Collect$$libinit$$0000001B)
    __rt_lib_init_clock_1                    0x080001a7   Thumb Code     0  libinit2.o(.ARM.Collect$$libinit$$00000021)
    __rt_lib_init_cpp_1                      0x080001a7   Thumb Code     0  libinit2.o(.ARM.Collect$$libinit$$00000032)
    __rt_lib_init_exceptions_1               0x080001a7   Thumb Code     0  libinit2.o(.ARM.Collect$$libinit$$00000030)
    __rt_lib_init_fp_1                       0x080001a7   Thumb Code     0  libinit2.o(.ARM.Collect$$libinit$$00000002)
    __rt_lib_init_fp_trap_1                  0x080001a7   Thumb Code     0  libinit2.o(.ARM.Collect$$libinit$$0000001F)
    __rt_lib_init_getenv_1                   0x080001a7   Thumb Code     0  libinit2.o(.ARM.Collect$$libinit$$00000023)
    __rt_lib_init_heap_1                     0x080001a7   Thumb Code     0  libinit2.o(.ARM.Collect$$libinit$$0000000A)
    __rt_lib_init_lc_collate_1               0x080001a7   Thumb Code     0  libinit2.o(.ARM.Collect$$libinit$$00000011)
    __rt_lib_init_lc_ctype_1                 0x080001a7   Thumb Code     0  libinit2.o(.ARM.Collect$$libinit$$00000013)
    __rt_lib_init_lc_monetary_1              0x080001a7   Thumb Code     0  libinit2.o(.ARM.Collect$$libinit$$00000015)
    __rt_lib_init_lc_numeric_1               0x080001a7   Thumb Code     0  libinit2.o(.ARM.Collect$$libinit$$00000017)
    __rt_lib_init_lc_time_1                  0x080001a7   Thumb Code     0  libinit2.o(.ARM.Collect$$libinit$$00000019)
    __rt_lib_init_preinit_1                  0x080001a7   Thumb Code     0  libinit2.o(.ARM.Collect$$libinit$$00000004)
    __rt_lib_init_rand_1                     0x080001a7   Thumb Code     0  libinit2.o(.ARM.Collect$$libinit$$0000000E)
    __rt_lib_init_return                     0x080001a7   Thumb Code     0  libinit2.o(.ARM.Collect$$libinit$$00000033)
    __rt_lib_init_signal_1                   0x080001a7   Thumb Code     0  libinit2.o(.ARM.Collect$$libinit$$0000001D)
    __rt_lib_init_stdio_1                    0x080001a7   Thumb Code     0  libinit2.o(.ARM.Collect$$libinit$$00000025)
    __rt_lib_init_user_alloc_1               0x080001a7   Thumb Code     0  libinit2.o(.ARM.Collect$$libinit$$0000000C)
    __rt_lib_shutdown                        0x080001a9   Thumb Code     0  libshutdown.o(.ARM.Collect$$libshutdown$$00000000)
    __rt_lib_shutdown_cpp_1                  0x080001ab   Thumb Code     0  libshutdown2.o(.ARM.Collect$$libshutdown$$00000002)
    __rt_lib_shutdown_fp_trap_1              0x080001ab   Thumb Code     0  libshutdown2.o(.ARM.Collect$$libshutdown$$00000007)
    __rt_lib_shutdown_heap_1                 0x080001ab   Thumb Code     0  libshutdown2.o(.ARM.Collect$$libshutdown$$0000000F)
    __rt_lib_shutdown_return                 0x080001ab   Thumb Code     0  libshutdown2.o(.ARM.Collect$$libshutdown$$00000010)
    __rt_lib_shutdown_signal_1               0x080001ab   Thumb Code     0  libshutdown2.o(.ARM.Collect$$libshutdown$$0000000A)
    __rt_lib_shutdown_stdio_1                0x080001ab   Thumb Code     0  libshutdown2.o(.ARM.Collect$$libshutdown$$00000004)
    __rt_lib_shutdown_user_alloc_1           0x080001ab   Thumb Code     0  libshutdown2.o(.ARM.Collect$$libshutdown$$0000000C)
    __rt_entry                               0x080001ad   Thumb Code     0  __rtentry.o(.ARM.Collect$$rtentry$$00000000)
    __rt_entry_presh_1                       0x080001ad   Thumb Code     0  __rtentry2.o(.ARM.Collect$$rtentry$$00000002)
    __rt_entry_sh                            0x080001ad   Thumb Code     0  __rtentry4.o(.ARM.Collect$$rtentry$$00000004)
    __rt_entry_li                            0x080001b3   Thumb Code     0  __rtentry2.o(.ARM.Collect$$rtentry$$0000000A)
    __rt_entry_postsh_1                      0x080001b3   Thumb Code     0  __rtentry2.o(.ARM.Collect$$rtentry$$00000009)
    __rt_entry_main                          0x080001b7   Thumb Code     0  __rtentry2.o(.ARM.Collect$$rtentry$$0000000D)
    __rt_entry_postli_1                      0x080001b7   Thumb Code     0  __rtentry2.o(.ARM.Collect$$rtentry$$0000000C)
    __rt_exit                                0x080001bf   Thumb Code     0  rtexit.o(.ARM.Collect$$rtexit$$00000000)
    __rt_exit_ls                             0x080001c1   Thumb Code     0  rtexit2.o(.ARM.Collect$$rtexit$$00000003)
    __rt_exit_prels_1                        0x080001c1   Thumb Code     0  rtexit2.o(.ARM.Collect$$rtexit$$00000002)
    __rt_exit_exit                           0x080001c5   Thumb Code     0  rtexit2.o(.ARM.Collect$$rtexit$$00000004)
    Reset_Handler                            0x080001cd   Thumb Code     8  startup_stm32f10x_xl.o(.text)
    ADC1_2_IRQHandler                        0x080001e7   Thumb Code     0  startup_stm32f10x_xl.o(.text)
    ADC3_IRQHandler                          0x080001e7   Thumb Code     0  startup_stm32f10x_xl.o(.text)
    CAN1_RX1_IRQHandler                      0x080001e7   Thumb Code     0  startup_stm32f10x_xl.o(.text)
    CAN1_SCE_IRQHandler                      0x080001e7   Thumb Code     0  startup_stm32f10x_xl.o(.text)
    DMA1_Channel1_IRQHandler                 0x080001e7   Thumb Code     0  startup_stm32f10x_xl.o(.text)
    DMA1_Channel2_IRQHandler                 0x080001e7   Thumb Code     0  startup_stm32f10x_xl.o(.text)
    DMA1_Channel3_IRQHandler                 0x080001e7   Thumb Code     0  startup_stm32f10x_xl.o(.text)
    DMA1_Channel4_IRQHandler                 0x080001e7   Thumb Code     0  startup_stm32f10x_xl.o(.text)
    DMA1_Channel5_IRQHandler                 0x080001e7   Thumb Code     0  startup_stm32f10x_xl.o(.text)
    DMA1_Channel6_IRQHandler                 0x080001e7   Thumb Code     0  startup_stm32f10x_xl.o(.text)
    DMA1_Channel7_IRQHandler                 0x080001e7   Thumb Code     0  startup_stm32f10x_xl.o(.text)
    DMA2_Channel1_IRQHandler                 0x080001e7   Thumb Code     0  startup_stm32f10x_xl.o(.text)
    DMA2_Channel2_IRQHandler                 0x080001e7   Thumb Code     0  startup_stm32f10x_xl.o(.text)
    DMA2_Channel3_IRQHandler                 0x080001e7   Thumb Code     0  startup_stm32f10x_xl.o(.text)
    DMA2_Channel4_5_IRQHandler               0x080001e7   Thumb Code     0  startup_stm32f10x_xl.o(.text)
    EXTI0_IRQHandler                         0x080001e7   Thumb Code     0  startup_stm32f10x_xl.o(.text)
    EXTI15_10_IRQHandler                     0x080001e7   Thumb Code     0  startup_stm32f10x_xl.o(.text)
    EXTI1_IRQHandler                         0x080001e7   Thumb Code     0  startup_stm32f10x_xl.o(.text)
    EXTI2_IRQHandler                         0x080001e7   Thumb Code     0  startup_stm32f10x_xl.o(.text)
    EXTI3_IRQHandler                         0x080001e7   Thumb Code     0  startup_stm32f10x_xl.o(.text)
    EXTI4_IRQHandler                         0x080001e7   Thumb Code     0  startup_stm32f10x_xl.o(.text)
    EXTI9_5_IRQHandler                       0x080001e7   Thumb Code     0  startup_stm32f10x_xl.o(.text)
    FLASH_IRQHandler                         0x080001e7   Thumb Code     0  startup_stm32f10x_xl.o(.text)
    FSMC_IRQHandler                          0x080001e7   Thumb Code     0  startup_stm32f10x_xl.o(.text)
    I2C1_ER_IRQHandler                       0x080001e7   Thumb Code     0  startup_stm32f10x_xl.o(.text)
    I2C1_EV_IRQHandler                       0x080001e7   Thumb Code     0  startup_stm32f10x_xl.o(.text)
    I2C2_ER_IRQHandler                       0x080001e7   Thumb Code     0  startup_stm32f10x_xl.o(.text)
    I2C2_EV_IRQHandler                       0x080001e7   Thumb Code     0  startup_stm32f10x_xl.o(.text)
    PVD_IRQHandler                           0x080001e7   Thumb Code     0  startup_stm32f10x_xl.o(.text)
    RCC_IRQHandler                           0x080001e7   Thumb Code     0  startup_stm32f10x_xl.o(.text)
    RTCAlarm_IRQHandler                      0x080001e7   Thumb Code     0  startup_stm32f10x_xl.o(.text)
    RTC_IRQHandler                           0x080001e7   Thumb Code     0  startup_stm32f10x_xl.o(.text)
    SDIO_IRQHandler                          0x080001e7   Thumb Code     0  startup_stm32f10x_xl.o(.text)
    SPI1_IRQHandler                          0x080001e7   Thumb Code     0  startup_stm32f10x_xl.o(.text)
    SPI2_IRQHandler                          0x080001e7   Thumb Code     0  startup_stm32f10x_xl.o(.text)
    SPI3_IRQHandler                          0x080001e7   Thumb Code     0  startup_stm32f10x_xl.o(.text)
    TAMPER_IRQHandler                        0x080001e7   Thumb Code     0  startup_stm32f10x_xl.o(.text)
    TIM1_BRK_TIM9_IRQHandler                 0x080001e7   Thumb Code     0  startup_stm32f10x_xl.o(.text)
    TIM1_CC_IRQHandler                       0x080001e7   Thumb Code     0  startup_stm32f10x_xl.o(.text)
    TIM1_TRG_COM_TIM11_IRQHandler            0x080001e7   Thumb Code     0  startup_stm32f10x_xl.o(.text)
    TIM1_UP_TIM10_IRQHandler                 0x080001e7   Thumb Code     0  startup_stm32f10x_xl.o(.text)
    TIM2_IRQHandler                          0x080001e7   Thumb Code     0  startup_stm32f10x_xl.o(.text)
    TIM3_IRQHandler                          0x080001e7   Thumb Code     0  startup_stm32f10x_xl.o(.text)
    TIM4_IRQHandler                          0x080001e7   Thumb Code     0  startup_stm32f10x_xl.o(.text)
    TIM5_IRQHandler                          0x080001e7   Thumb Code     0  startup_stm32f10x_xl.o(.text)
    TIM6_IRQHandler                          0x080001e7   Thumb Code     0  startup_stm32f10x_xl.o(.text)
    TIM7_IRQHandler                          0x080001e7   Thumb Code     0  startup_stm32f10x_xl.o(.text)
    TIM8_BRK_TIM12_IRQHandler                0x080001e7   Thumb Code     0  startup_stm32f10x_xl.o(.text)
    TIM8_CC_IRQHandler                       0x080001e7   Thumb Code     0  startup_stm32f10x_xl.o(.text)
    TIM8_TRG_COM_TIM14_IRQHandler            0x080001e7   Thumb Code     0  startup_stm32f10x_xl.o(.text)
    TIM8_UP_TIM13_IRQHandler                 0x080001e7   Thumb Code     0  startup_stm32f10x_xl.o(.text)
    UART4_IRQHandler                         0x080001e7   Thumb Code     0  startup_stm32f10x_xl.o(.text)
    UART5_IRQHandler                         0x080001e7   Thumb Code     0  startup_stm32f10x_xl.o(.text)
    USART2_IRQHandler                        0x080001e7   Thumb Code     0  startup_stm32f10x_xl.o(.text)
    USART3_IRQHandler                        0x080001e7   Thumb Code     0  startup_stm32f10x_xl.o(.text)
    USBWakeUp_IRQHandler                     0x080001e7   Thumb Code     0  startup_stm32f10x_xl.o(.text)
    USB_HP_CAN1_TX_IRQHandler                0x080001e7   Thumb Code     0  startup_stm32f10x_xl.o(.text)
    __user_initial_stackheap                 0x080001e9   Thumb Code     0  startup_stm32f10x_xl.o(.text)
    __use_no_semihosting                     0x0800020d   Thumb Code     2  use_no_semi_2.o(.text)
    __aeabi_memcpy                           0x0800020f   Thumb Code     0  rt_memcpy_v6.o(.text)
    __rt_memcpy                              0x0800020f   Thumb Code   138  rt_memcpy_v6.o(.text)
    _memcpy_lastbytes                        0x08000275   Thumb Code     0  rt_memcpy_v6.o(.text)
    __use_two_region_memory                  0x08000299   Thumb Code     2  heapauxi.o(.text)
    __rt_heap_escrow$2region                 0x0800029b   Thumb Code     2  heapauxi.o(.text)
    __rt_heap_expand$2region                 0x0800029d   Thumb Code     2  heapauxi.o(.text)
    __I$use$semihosting                      0x0800029f   Thumb Code     0  use_no_semi.o(.text)
    __use_no_semihosting_swi                 0x0800029f   Thumb Code     2  use_no_semi.o(.text)
    __aeabi_memcpy4                          0x080002a1   Thumb Code     0  rt_memcpy_w.o(.text)
    __aeabi_memcpy8                          0x080002a1   Thumb Code     0  rt_memcpy_w.o(.text)
    __rt_memcpy_w                            0x080002a1   Thumb Code   100  rt_memcpy_w.o(.text)
    _memcpy_lastbytes_aligned                0x080002e9   Thumb Code     0  rt_memcpy_w.o(.text)
    __user_setup_stackheap                   0x08000305   Thumb Code    74  sys_stackheap_outer.o(.text)
    exit                                     0x0800034f   Thumb Code    18  exit.o(.text)
    __user_libspace                          0x08000361   Thumb Code     8  libspace.o(.text)
    __user_perproc_libspace                  0x08000361   Thumb Code     0  libspace.o(.text)
    __user_perthread_libspace                0x08000361   Thumb Code     0  libspace.o(.text)
    BOOT_ErasePage                           0x08000369   Thumb Code    62  flash.o(i.BOOT_ErasePage)
    BOOT_ProgramDatatoFlash                  0x080003a9   Thumb Code    74  flash.o(i.BOOT_ProgramDatatoFlash)
    BusFault_Handler                         0x080003f9   Thumb Code     4  stm32f10x_it.o(i.BusFault_Handler)
    DebugMon_Handler                         0x080003fd   Thumb Code     2  stm32f10x_it.o(i.DebugMon_Handler)
    Debug_Serial_Init                        0x08000401   Thumb Code   294  debugserial.o(i.Debug_Serial_Init)
    Debug_Serial_Send_Buffer                 0x08000539   Thumb Code    28  debugserial.o(i.Debug_Serial_Send_Buffer)
    Debug_Serial_Send_Char                   0x08000555   Thumb Code    28  debugserial.o(i.Debug_Serial_Send_Char)
    FLASH_ClearFlag                          0x08000575   Thumb Code     6  stm32f10x_flash.o(i.FLASH_ClearFlag)
    FLASH_ErasePage                          0x08000581   Thumb Code    72  stm32f10x_flash.o(i.FLASH_ErasePage)
    FLASH_GetBank1Status                     0x080005cd   Thumb Code    48  stm32f10x_flash.o(i.FLASH_GetBank1Status)
    FLASH_Lock                               0x08000601   Thumb Code    14  stm32f10x_flash.o(i.FLASH_Lock)
    FLASH_ProgramWord                        0x08000615   Thumb Code   102  stm32f10x_flash.o(i.FLASH_ProgramWord)
    FLASH_Unlock                             0x08000681   Thumb Code    12  stm32f10x_flash.o(i.FLASH_Unlock)
    FLASH_WaitForLastOperation               0x08000699   Thumb Code    38  stm32f10x_flash.o(i.FLASH_WaitForLastOperation)
    GPIO_Init                                0x080006bf   Thumb Code   278  stm32f10x_gpio.o(i.GPIO_Init)
    HardFault_Handler                        0x080007d5   Thumb Code     4  stm32f10x_it.o(i.HardFault_Handler)
    Jump_to_app                              0x080007d9   Thumb Code    36  main.o(i.Jump_to_app)
    MemManage_Handler                        0x08000805   Thumb Code     4  stm32f10x_it.o(i.MemManage_Handler)
    NMI_Handler                              0x08000809   Thumb Code     2  stm32f10x_it.o(i.NMI_Handler)
    NVIC_Group_Init                          0x0800080b   Thumb Code    12  sys.o(i.NVIC_Group_Init)
    NVIC_PriorityGroupConfig                 0x08000819   Thumb Code    10  misc.o(i.NVIC_PriorityGroupConfig)
    PendSV_Handler                           0x0800082d   Thumb Code     2  stm32f10x_it.o(i.PendSV_Handler)
    RCC_APB1PeriphResetCmd                   0x08000831   Thumb Code    26  stm32f10x_rcc.o(i.RCC_APB1PeriphResetCmd)
    RCC_APB2PeriphClockCmd                   0x08000851   Thumb Code    26  stm32f10x_rcc.o(i.RCC_APB2PeriphClockCmd)
    RCC_APB2PeriphResetCmd                   0x08000871   Thumb Code    26  stm32f10x_rcc.o(i.RCC_APB2PeriphResetCmd)
    RCC_GetClocksFreq                        0x08000891   Thumb Code   192  stm32f10x_rcc.o(i.RCC_GetClocksFreq)
    RCC_RTCCLKCmd                            0x08000965   Thumb Code     6  stm32f10x_rcc.o(i.RCC_RTCCLKCmd)
    SVC_Handler                              0x08000971   Thumb Code     2  stm32f10x_it.o(i.SVC_Handler)
    SysTick_Handler                          0x08000975   Thumb Code     2  stm32f10x_it.o(i.SysTick_Handler)
    SystemInit                               0x08000979   Thumb Code    78  system_stm32f10x.o(i.SystemInit)
    USART1_IRQHandler                        0x080009d9   Thumb Code    52  debugserial.o(i.USART1_IRQHandler)
    USART_ClearITPendingBit                  0x08000a15   Thumb Code    30  stm32f10x_usart.o(i.USART_ClearITPendingBit)
    USART_Cmd                                0x08000a33   Thumb Code    24  stm32f10x_usart.o(i.USART_Cmd)
    USART_DeInit                             0x08000a4d   Thumb Code   134  stm32f10x_usart.o(i.USART_DeInit)
    USART_GetFlagStatus                      0x08000ae9   Thumb Code    26  stm32f10x_usart.o(i.USART_GetFlagStatus)
    USART_GetITStatus                        0x08000b03   Thumb Code    84  stm32f10x_usart.o(i.USART_GetITStatus)
    USART_ITConfig                           0x08000b57   Thumb Code    74  stm32f10x_usart.o(i.USART_ITConfig)
    USART_Init                               0x08000ba1   Thumb Code   210  stm32f10x_usart.o(i.USART_Init)
    USART_ReceiveData                        0x08000c79   Thumb Code    10  stm32f10x_usart.o(i.USART_ReceiveData)
    USART_SendData                           0x08000c83   Thumb Code     8  stm32f10x_usart.o(i.USART_SendData)
    USB_LP_CAN1_RX0_IRQHandler               0x08000c8b   Thumb Code     2  stm32f10x_it.o(i.USB_LP_CAN1_RX0_IRQHandler)
    UsageFault_Handler                       0x08000c8d   Thumb Code     4  stm32f10x_it.o(i.UsageFault_Handler)
    WWDG_IRQHandler                          0x08000c91   Thumb Code     2  stm32f10x_it.o(i.WWDG_IRQHandler)
    _sys_exit                                0x08000c93   Thumb Code     6  debugserial.o(i._sys_exit)
    calculateCRC                             0x08000c99   Thumb Code    64  usart_driver.o(i.calculateCRC)
    dateLinkSend                             0x08000cd9   Thumb Code    40  frame_parse.o(i.dateLinkSend)
    input                                    0x08000d05   Thumb Code   400  frame_parse.o(i.input)
    main                                     0x08000ef5   Thumb Code   206  main.o(i.main)
    send                                     0x08000fd9   Thumb Code   154  usart_driver.o(i.send)
    usartread                                0x08001075   Thumb Code   108  usart_driver.o(i.usartread)
    Region$$Table$$Base                      0x080010e4   Number         0  anon$$obj.o(Region$$Table)
    Region$$Table$$Limit                     0x08001104   Number         0  anon$$obj.o(Region$$Table)
    __stdout                                 0x20000014   Data           4  debugserial.o(.data)
    serial_Buffer_Length                     0x20000018   Data           2  debugserial.o(.data)
    receiveMode                              0x2000001a   Data           1  debugserial.o(.data)
    receiveExpectCount                       0x2000001b   Data           1  debugserial.o(.data)
    usasrt_driver                            0x2000001c   Data           4  debugserial.o(.data)
    app_addr                                 0x20000020   Data           4  frame_parse.o(.data)
    buf_index                                0x20000024   Data           4  frame_parse.o(.data)
    flash_offset                             0x20000028   Data           4  frame_parse.o(.data)
    file_seq                                 0x2000002c   Data           2  frame_parse.o(.data)
    file_flag                                0x2000002e   Data           2  frame_parse.o(.data)
    flash_ok                                 0x20000030   Data           1  frame_parse.o(.data)
    is_flash                                 0x20000031   Data           1  frame_parse.o(.data)
    ack                                      0x20000032   Data           1  frame_parse.o(.data)
    __framer                                 0x20000034   Data          12  frame_parse.o(.data)
    __usart_driver                           0x20000040   Data          24  usart_driver.o(.data)
    file_buf                                 0x20000058   Data        3000  frame_parse.o(.bss)
    buf                                      0x20000c10   Data        2048  usart_driver.o(.bss)
    rec_buf                                  0x20001410   Data        2048  usart_driver.o(.bss)
    __libspace_start                         0x20001c10   Data          96  libspace.o(.bss)
    __temporary_stack_top$libspace           0x20001c70   Data           0  libspace.o(.bss)



==============================================================================

Memory Map of the image

  Image Entry point : 0x080001cd

  Load Region LR_1 (Base: 0x08000000, Size: 0x0000115c, Max: 0xffffffff, ABSOLUTE)

    Execution Region ER_RO (Base: 0x08000000, Size: 0x00001104, Max: 0xffffffff, ABSOLUTE)

    Base Addr    Size         Type   Attr      Idx    E Section Name        Object

    0x08000000   0x00000130   Data   RO          939    RESET               startup_stm32f10x_xl.o
    0x08000130   0x00000008   Code   RO         1302  * !!!main             c_w.l(__main.o)
    0x08000138   0x00000034   Code   RO         1459    !!!scatter          c_w.l(__scatter.o)
    0x0800016c   0x0000001a   Code   RO         1461    !!handler_copy      c_w.l(__scatter_copy.o)
    0x08000186   0x00000002   PAD
    0x08000188   0x0000001c   Code   RO         1463    !!handler_zi        c_w.l(__scatter_zi.o)
    0x080001a4   0x00000002   Code   RO         1333    .ARM.Collect$$libinit$$00000000  c_w.l(libinit.o)
    0x080001a6   0x00000000   Code   RO         1340    .ARM.Collect$$libinit$$00000002  c_w.l(libinit2.o)
    0x080001a6   0x00000000   Code   RO         1342    .ARM.Collect$$libinit$$00000004  c_w.l(libinit2.o)
    0x080001a6   0x00000000   Code   RO         1345    .ARM.Collect$$libinit$$0000000A  c_w.l(libinit2.o)
    0x080001a6   0x00000000   Code   RO         1347    .ARM.Collect$$libinit$$0000000C  c_w.l(libinit2.o)
    0x080001a6   0x00000000   Code   RO         1349    .ARM.Collect$$libinit$$0000000E  c_w.l(libinit2.o)
    0x080001a6   0x00000000   Code   RO         1352    .ARM.Collect$$libinit$$00000011  c_w.l(libinit2.o)
    0x080001a6   0x00000000   Code   RO         1354    .ARM.Collect$$libinit$$00000013  c_w.l(libinit2.o)
    0x080001a6   0x00000000   Code   RO         1356    .ARM.Collect$$libinit$$00000015  c_w.l(libinit2.o)
    0x080001a6   0x00000000   Code   RO         1358    .ARM.Collect$$libinit$$00000017  c_w.l(libinit2.o)
    0x080001a6   0x00000000   Code   RO         1360    .ARM.Collect$$libinit$$00000019  c_w.l(libinit2.o)
    0x080001a6   0x00000000   Code   RO         1362    .ARM.Collect$$libinit$$0000001B  c_w.l(libinit2.o)
    0x080001a6   0x00000000   Code   RO         1364    .ARM.Collect$$libinit$$0000001D  c_w.l(libinit2.o)
    0x080001a6   0x00000000   Code   RO         1366    .ARM.Collect$$libinit$$0000001F  c_w.l(libinit2.o)
    0x080001a6   0x00000000   Code   RO         1368    .ARM.Collect$$libinit$$00000021  c_w.l(libinit2.o)
    0x080001a6   0x00000000   Code   RO         1370    .ARM.Collect$$libinit$$00000023  c_w.l(libinit2.o)
    0x080001a6   0x00000000   Code   RO         1372    .ARM.Collect$$libinit$$00000025  c_w.l(libinit2.o)
    0x080001a6   0x00000000   Code   RO         1376    .ARM.Collect$$libinit$$0000002C  c_w.l(libinit2.o)
    0x080001a6   0x00000000   Code   RO         1378    .ARM.Collect$$libinit$$0000002E  c_w.l(libinit2.o)
    0x080001a6   0x00000000   Code   RO         1380    .ARM.Collect$$libinit$$00000030  c_w.l(libinit2.o)
    0x080001a6   0x00000000   Code   RO         1382    .ARM.Collect$$libinit$$00000032  c_w.l(libinit2.o)
    0x080001a6   0x00000002   Code   RO         1383    .ARM.Collect$$libinit$$00000033  c_w.l(libinit2.o)
    0x080001a8   0x00000002   Code   RO         1401    .ARM.Collect$$libshutdown$$00000000  c_w.l(libshutdown.o)
    0x080001aa   0x00000000   Code   RO         1411    .ARM.Collect$$libshutdown$$00000002  c_w.l(libshutdown2.o)
    0x080001aa   0x00000000   Code   RO         1413    .ARM.Collect$$libshutdown$$00000004  c_w.l(libshutdown2.o)
    0x080001aa   0x00000000   Code   RO         1416    .ARM.Collect$$libshutdown$$00000007  c_w.l(libshutdown2.o)
    0x080001aa   0x00000000   Code   RO         1419    .ARM.Collect$$libshutdown$$0000000A  c_w.l(libshutdown2.o)
    0x080001aa   0x00000000   Code   RO         1421    .ARM.Collect$$libshutdown$$0000000C  c_w.l(libshutdown2.o)
    0x080001aa   0x00000000   Code   RO         1424    .ARM.Collect$$libshutdown$$0000000F  c_w.l(libshutdown2.o)
    0x080001aa   0x00000002   Code   RO         1425    .ARM.Collect$$libshutdown$$00000010  c_w.l(libshutdown2.o)
    0x080001ac   0x00000000   Code   RO         1306    .ARM.Collect$$rtentry$$00000000  c_w.l(__rtentry.o)
    0x080001ac   0x00000000   Code   RO         1310    .ARM.Collect$$rtentry$$00000002  c_w.l(__rtentry2.o)
    0x080001ac   0x00000006   Code   RO         1322    .ARM.Collect$$rtentry$$00000004  c_w.l(__rtentry4.o)
    0x080001b2   0x00000000   Code   RO         1312    .ARM.Collect$$rtentry$$00000009  c_w.l(__rtentry2.o)
    0x080001b2   0x00000004   Code   RO         1313    .ARM.Collect$$rtentry$$0000000A  c_w.l(__rtentry2.o)
    0x080001b6   0x00000000   Code   RO         1315    .ARM.Collect$$rtentry$$0000000C  c_w.l(__rtentry2.o)
    0x080001b6   0x00000008   Code   RO         1316    .ARM.Collect$$rtentry$$0000000D  c_w.l(__rtentry2.o)
    0x080001be   0x00000002   Code   RO         1337    .ARM.Collect$$rtexit$$00000000  c_w.l(rtexit.o)
    0x080001c0   0x00000000   Code   RO         1385    .ARM.Collect$$rtexit$$00000002  c_w.l(rtexit2.o)
    0x080001c0   0x00000004   Code   RO         1386    .ARM.Collect$$rtexit$$00000003  c_w.l(rtexit2.o)
    0x080001c4   0x00000006   Code   RO         1387    .ARM.Collect$$rtexit$$00000004  c_w.l(rtexit2.o)
    0x080001ca   0x00000002   PAD
    0x080001cc   0x00000040   Code   RO          940  * .text               startup_stm32f10x_xl.o
    0x0800020c   0x00000002   Code   RO         1296    .text               c_w.l(use_no_semi_2.o)
    0x0800020e   0x0000008a   Code   RO         1298    .text               c_w.l(rt_memcpy_v6.o)
    0x08000298   0x00000006   Code   RO         1300    .text               c_w.l(heapauxi.o)
    0x0800029e   0x00000002   Code   RO         1304    .text               c_w.l(use_no_semi.o)
    0x080002a0   0x00000064   Code   RO         1307    .text               c_w.l(rt_memcpy_w.o)
    0x08000304   0x0000004a   Code   RO         1324    .text               c_w.l(sys_stackheap_outer.o)
    0x0800034e   0x00000012   Code   RO         1326    .text               c_w.l(exit.o)
    0x08000360   0x00000008   Code   RO         1334    .text               c_w.l(libspace.o)
    0x08000368   0x0000003e   Code   RO         1109    i.BOOT_ErasePage    flash.o
    0x080003a6   0x00000002   PAD
    0x080003a8   0x00000050   Code   RO         1110    i.BOOT_ProgramDatatoFlash  flash.o
    0x080003f8   0x00000004   Code   RO          947    i.BusFault_Handler  stm32f10x_it.o
    0x080003fc   0x00000002   Code   RO          948    i.DebugMon_Handler  stm32f10x_it.o
    0x080003fe   0x00000002   PAD
    0x08000400   0x00000138   Code   RO         1034    i.Debug_Serial_Init  debugserial.o
    0x08000538   0x0000001c   Code   RO         1035    i.Debug_Serial_Send_Buffer  debugserial.o
    0x08000554   0x00000020   Code   RO         1036    i.Debug_Serial_Send_Char  debugserial.o
    0x08000574   0x0000000c   Code   RO          154    i.FLASH_ClearFlag   stm32f10x_flash.o
    0x08000580   0x0000004c   Code   RO          159    i.FLASH_ErasePage   stm32f10x_flash.o
    0x080005cc   0x00000034   Code   RO          160    i.FLASH_GetBank1Status  stm32f10x_flash.o
    0x08000600   0x00000014   Code   RO          169    i.FLASH_Lock        stm32f10x_flash.o
    0x08000614   0x0000006c   Code   RO          174    i.FLASH_ProgramWord  stm32f10x_flash.o
    0x08000680   0x00000018   Code   RO          177    i.FLASH_Unlock      stm32f10x_flash.o
    0x08000698   0x00000026   Code   RO          181    i.FLASH_WaitForLastOperation  stm32f10x_flash.o
    0x080006be   0x00000116   Code   RO          352    i.GPIO_Init         stm32f10x_gpio.o
    0x080007d4   0x00000004   Code   RO          949    i.HardFault_Handler  stm32f10x_it.o
    0x080007d8   0x0000002c   Code   RO          885    i.Jump_to_app       main.o
    0x08000804   0x00000004   Code   RO          950    i.MemManage_Handler  stm32f10x_it.o
    0x08000808   0x00000002   Code   RO          951    i.NMI_Handler       stm32f10x_it.o
    0x0800080a   0x0000000c   Code   RO         1225    i.NVIC_Group_Init   sys.o
    0x08000816   0x00000002   PAD
    0x08000818   0x00000014   Code   RO           93    i.NVIC_PriorityGroupConfig  misc.o
    0x0800082c   0x00000002   Code   RO          952    i.PendSV_Handler    stm32f10x_it.o
    0x0800082e   0x00000002   PAD
    0x08000830   0x00000020   Code   RO          478    i.RCC_APB1PeriphResetCmd  stm32f10x_rcc.o
    0x08000850   0x00000020   Code   RO          479    i.RCC_APB2PeriphClockCmd  stm32f10x_rcc.o
    0x08000870   0x00000020   Code   RO          480    i.RCC_APB2PeriphResetCmd  stm32f10x_rcc.o
    0x08000890   0x000000d4   Code   RO          487    i.RCC_GetClocksFreq  stm32f10x_rcc.o
    0x08000964   0x0000000c   Code   RO          502    i.RCC_RTCCLKCmd     stm32f10x_rcc.o
    0x08000970   0x00000002   Code   RO          953    i.SVC_Handler       stm32f10x_it.o
    0x08000972   0x00000002   Code   RO           20    i.SetSysClock       system_stm32f10x.o
    0x08000974   0x00000002   Code   RO          954    i.SysTick_Handler   stm32f10x_it.o
    0x08000976   0x00000002   PAD
    0x08000978   0x00000060   Code   RO           22    i.SystemInit        system_stm32f10x.o
    0x080009d8   0x0000003c   Code   RO         1038    i.USART1_IRQHandler  debugserial.o
    0x08000a14   0x0000001e   Code   RO          691    i.USART_ClearITPendingBit  stm32f10x_usart.o
    0x08000a32   0x00000018   Code   RO          694    i.USART_Cmd         stm32f10x_usart.o
    0x08000a4a   0x00000002   PAD
    0x08000a4c   0x0000009c   Code   RO          696    i.USART_DeInit      stm32f10x_usart.o
    0x08000ae8   0x0000001a   Code   RO          697    i.USART_GetFlagStatus  stm32f10x_usart.o
    0x08000b02   0x00000054   Code   RO          698    i.USART_GetITStatus  stm32f10x_usart.o
    0x08000b56   0x0000004a   Code   RO          700    i.USART_ITConfig    stm32f10x_usart.o
    0x08000ba0   0x000000d8   Code   RO          701    i.USART_Init        stm32f10x_usart.o
    0x08000c78   0x0000000a   Code   RO          708    i.USART_ReceiveData  stm32f10x_usart.o
    0x08000c82   0x00000008   Code   RO          711    i.USART_SendData    stm32f10x_usart.o
    0x08000c8a   0x00000002   Code   RO          955    i.USB_LP_CAN1_RX0_IRQHandler  stm32f10x_it.o
    0x08000c8c   0x00000004   Code   RO          956    i.UsageFault_Handler  stm32f10x_it.o
    0x08000c90   0x00000002   Code   RO          957    i.WWDG_IRQHandler   stm32f10x_it.o
    0x08000c92   0x00000006   Code   RO         1039    i._sys_exit         debugserial.o
    0x08000c98   0x00000040   Code   RO         1249    i.calculateCRC      usart_driver.o
    0x08000cd8   0x0000002c   Code   RO         1185    i.dateLinkSend      frame_parse.o
    0x08000d04   0x000001c0   Code   RO         1186    i.input             frame_parse.o
    0x08000ec4   0x00000030   Code   RO         1250    i.isCrcVailed       usart_driver.o
    0x08000ef4   0x000000e4   Code   RO          886    i.main              main.o
    0x08000fd8   0x0000009a   Code   RO         1251    i.send              usart_driver.o
    0x08001072   0x00000002   PAD
    0x08001074   0x00000070   Code   RO         1252    i.usartread         usart_driver.o
    0x080010e4   0x00000020   Data   RO         1457    Region$$Table       anon$$obj.o


    Execution Region ER_RW (Base: 0x20000000, Size: 0x00000058, Max: 0xffffffff, ABSOLUTE)

    Base Addr    Size         Type   Attr      Idx    E Section Name        Object

    0x20000000   0x00000014   Data   RW          507    .data               stm32f10x_rcc.o
    0x20000014   0x0000000c   Data   RW         1042    .data               debugserial.o
    0x20000020   0x00000020   Data   RW         1188    .data               frame_parse.o
    0x20000040   0x00000018   Data   RW         1254    .data               usart_driver.o


    Execution Region ER_ZI (Base: 0x20000058, Size: 0x00002218, Max: 0xffffffff, ABSOLUTE)

    Base Addr    Size         Type   Attr      Idx    E Section Name        Object

    0x20000058   0x00000bb8   Zero   RW         1187    .bss                frame_parse.o
    0x20000c10   0x00001000   Zero   RW         1253    .bss                usart_driver.o
    0x20001c10   0x00000060   Zero   RW         1335    .bss                c_w.l(libspace.o)
    0x20001c70   0x00000200   Zero   RW          938    HEAP                startup_stm32f10x_xl.o
    0x20001e70   0x00000400   Zero   RW          937    STACK               startup_stm32f10x_xl.o


==============================================================================

Image component sizes


      Code (inc. data)   RO Data    RW Data    ZI Data      Debug   Object Name

         0          0          0          0          0       4540   core_cm3.o
       438         30          0         12          0      27113   debugserial.o
       142          6          0          0          0       1839   flash.o
       492         52          0         32       3000       4596   frame_parse.o
       272         30          0          0          0       4810   main.o
        20         10          0          0          0     203535   misc.o
        64         26        304          0       1536        780   startup_stm32f10x_xl.o
       330         38          0          0          0      11252   stm32f10x_flash.o
       278          0          0          0          0      10160   stm32f10x_gpio.o
        30          0          0          0          0       4469   stm32f10x_it.o
       320         44          0         20          0      13855   stm32f10x_rcc.o
       628         28          0          0          0      12894   stm32f10x_usart.o
        12          0          0          0          0        410   sys.o
        98         18          0          0          0      30177   system_stm32f10x.o
       378          4          0         24       4096       4155   usart_driver.o

    ----------------------------------------------------------------------
      3516        286        336         88       8632     334585   Object Totals
         0          0         32          0          0          0   (incl. Generated)
        14          0          0          0          0          0   (incl. Padding)

    ----------------------------------------------------------------------

      Code (inc. data)   RO Data    RW Data    ZI Data      Debug   Library Member Name

         8          0          0          0          0         68   __main.o
         0          0          0          0          0          0   __rtentry.o
        12          0          0          0          0          0   __rtentry2.o
         6          0          0          0          0          0   __rtentry4.o
        52          8          0          0          0          0   __scatter.o
        26          0          0          0          0          0   __scatter_copy.o
        28          0          0          0          0          0   __scatter_zi.o
        18          0          0          0          0         80   exit.o
         6          0          0          0          0        152   heapauxi.o
         2          0          0          0          0          0   libinit.o
         2          0          0          0          0          0   libinit2.o
         2          0          0          0          0          0   libshutdown.o
         2          0          0          0          0          0   libshutdown2.o
         8          4          0          0         96         68   libspace.o
       138          0          0          0          0         68   rt_memcpy_v6.o
       100          0          0          0          0         80   rt_memcpy_w.o
         2          0          0          0          0          0   rtexit.o
        10          0          0          0          0          0   rtexit2.o
        74          0          0          0          0         80   sys_stackheap_outer.o
         2          0          0          0          0         68   use_no_semi.o
         2          0          0          0          0         68   use_no_semi_2.o

    ----------------------------------------------------------------------
       504         12          0          0         96        732   Library Totals
         4          0          0          0          0          0   (incl. Padding)

    ----------------------------------------------------------------------

      Code (inc. data)   RO Data    RW Data    ZI Data      Debug   Library Name

       500         12          0          0         96        732   c_w.l

    ----------------------------------------------------------------------
       504         12          0          0         96        732   Library Totals

    ----------------------------------------------------------------------

==============================================================================


      Code (inc. data)   RO Data    RW Data    ZI Data      Debug   

      4020        298        336         88       8728     332557   Grand Totals
      4020        298        336         88       8728     332557   ELF Image Totals
      4020        298        336         88          0          0   ROM Totals

==============================================================================

    Total RO  Size (Code + RO Data)                 4356 (   4.25kB)
    Total RW  Size (RW Data + ZI Data)              8816 (   8.61kB)
    Total ROM Size (Code + RO Data + RW Data)       4444 (   4.34kB)

==============================================================================

